Archive member included to satisfy reference by file (symbol)

C:/NXP/MCUXpressoIDE_11.10.0_3148/ide/plugins/com.nxp.mcuxpresso.tools.win32_11.10.0.202311280810/tools/bin/../lib/gcc/arm-none-eabi/13.2.1/../../../../arm-none-eabi/lib/thumb/v8-m.main/nofp\libcr_nohost_nf.a(_cr__main.o)
                              ./startup/startup_mcxa153.o (__main)
C:/NXP/MCUXpressoIDE_11.10.0_3148/ide/plugins/com.nxp.mcuxpresso.tools.win32_11.10.0.202311280810/tools/bin/../lib/gcc/arm-none-eabi/13.2.1/../../../../arm-none-eabi/lib/thumb/v8-m.main/nofp\libcr_c.a(memset.o)
                              ./drivers/fsl_lpuart.o (memset)
C:/NXP/MCUXpressoIDE_11.10.0_3148/ide/plugins/com.nxp.mcuxpresso.tools.win32_11.10.0.202311280810/tools/bin/../lib/gcc/arm-none-eabi/13.2.1/../../../../arm-none-eabi/lib/thumb/v8-m.main/nofp\libcr_c.a(alloc.o)
                              ./drivers/fsl_common.o (malloc)
C:/NXP/MCUXpressoIDE_11.10.0_3148/ide/plugins/com.nxp.mcuxpresso.tools.win32_11.10.0.202311280810/tools/bin/../lib/gcc/arm-none-eabi/13.2.1/../../../../arm-none-eabi/lib/thumb/v8-m.main/nofp\libcr_c.a(errno.o)
                              ./utilities/fsl_str.o (errno)
C:/NXP/MCUXpressoIDE_11.10.0_3148/ide/plugins/com.nxp.mcuxpresso.tools.win32_11.10.0.202311280810/tools/bin/../lib/gcc/arm-none-eabi/13.2.1/../../../../arm-none-eabi/lib/thumb/v8-m.main/nofp\libcr_c.a(initio.o)
                              C:/NXP/MCUXpressoIDE_11.10.0_3148/ide/plugins/com.nxp.mcuxpresso.tools.win32_11.10.0.202311280810/tools/bin/../lib/gcc/arm-none-eabi/13.2.1/../../../../arm-none-eabi/lib/thumb/v8-m.main/nofp\libcr_nohost_nf.a(_cr__main.o) (_initio)
C:/NXP/MCUXpressoIDE_11.10.0_3148/ide/plugins/com.nxp.mcuxpresso.tools.win32_11.10.0.202311280810/tools/bin/../lib/gcc/arm-none-eabi/13.2.1/../../../../arm-none-eabi/lib/thumb/v8-m.main/nofp\libcr_c.a(scanf.o)
                              ./utilities/fsl_str.o (strtoul)
C:/NXP/MCUXpressoIDE_11.10.0_3148/ide/plugins/com.nxp.mcuxpresso.tools.win32_11.10.0.202311280810/tools/bin/../lib/gcc/arm-none-eabi/13.2.1/../../../../arm-none-eabi/lib/thumb/v8-m.main/nofp\libcr_c.a(setvbuf.o)
                              C:/NXP/MCUXpressoIDE_11.10.0_3148/ide/plugins/com.nxp.mcuxpresso.tools.win32_11.10.0.202311280810/tools/bin/../lib/gcc/arm-none-eabi/13.2.1/../../../../arm-none-eabi/lib/thumb/v8-m.main/nofp\libcr_c.a(initio.o) (setvbuf)
C:/NXP/MCUXpressoIDE_11.10.0_3148/ide/plugins/com.nxp.mcuxpresso.tools.win32_11.10.0.202311280810/tools/bin/../lib/gcc/arm-none-eabi/13.2.1/../../../../arm-none-eabi/lib/thumb/v8-m.main/nofp\libcr_c.a(strlen.o)
                              ./utilities/fsl_debug_console.o (strlen)
C:/NXP/MCUXpressoIDE_11.10.0_3148/ide/plugins/com.nxp.mcuxpresso.tools.win32_11.10.0.202311280810/tools/bin/../lib/gcc/arm-none-eabi/13.2.1/../../../../arm-none-eabi/lib/thumb/v8-m.main/nofp\libcr_c.a(ungetc.o)
                              C:/NXP/MCUXpressoIDE_11.10.0_3148/ide/plugins/com.nxp.mcuxpresso.tools.win32_11.10.0.202311280810/tools/bin/../lib/gcc/arm-none-eabi/13.2.1/../../../../arm-none-eabi/lib/thumb/v8-m.main/nofp\libcr_c.a(scanf.o) (ungetc)
C:/NXP/MCUXpressoIDE_11.10.0_3148/ide/plugins/com.nxp.mcuxpresso.tools.win32_11.10.0.202311280810/tools/bin/../lib/gcc/arm-none-eabi/13.2.1/../../../../arm-none-eabi/lib/thumb/v8-m.main/nofp\libcr_c.a(__fillbuf.o)
                              C:/NXP/MCUXpressoIDE_11.10.0_3148/ide/plugins/com.nxp.mcuxpresso.tools.win32_11.10.0.202311280810/tools/bin/../lib/gcc/arm-none-eabi/13.2.1/../../../../arm-none-eabi/lib/thumb/v8-m.main/nofp\libcr_c.a(scanf.o) (__filbuf)
C:/NXP/MCUXpressoIDE_11.10.0_3148/ide/plugins/com.nxp.mcuxpresso.tools.win32_11.10.0.202311280810/tools/bin/../lib/gcc/arm-none-eabi/13.2.1/../../../../arm-none-eabi/lib/thumb/v8-m.main/nofp\libcr_c.a(__init_alloc.o)
                              C:/NXP/MCUXpressoIDE_11.10.0_3148/ide/plugins/com.nxp.mcuxpresso.tools.win32_11.10.0.202311280810/tools/bin/../lib/gcc/arm-none-eabi/13.2.1/../../../../arm-none-eabi/lib/thumb/v8-m.main/nofp\libcr_c.a(alloc.o) (__heaps)
C:/NXP/MCUXpressoIDE_11.10.0_3148/ide/plugins/com.nxp.mcuxpresso.tools.win32_11.10.0.202311280810/tools/bin/../lib/gcc/arm-none-eabi/13.2.1/../../../../arm-none-eabi/lib/thumb/v8-m.main/nofp\libcr_c.a(_cr_sbrk.o)
                              C:/NXP/MCUXpressoIDE_11.10.0_3148/ide/plugins/com.nxp.mcuxpresso.tools.win32_11.10.0.202311280810/tools/bin/../lib/gcc/arm-none-eabi/13.2.1/../../../../arm-none-eabi/lib/thumb/v8-m.main/nofp\libcr_c.a(alloc.o) (_sbrk)
C:/NXP/MCUXpressoIDE_11.10.0_3148/ide/plugins/com.nxp.mcuxpresso.tools.win32_11.10.0.202311280810/tools/bin/../lib/gcc/arm-none-eabi/13.2.1/../../../../arm-none-eabi/lib/thumb/v8-m.main/nofp\libcr_c.a(_deferredlazyseek.o)
                              C:/NXP/MCUXpressoIDE_11.10.0_3148/ide/plugins/com.nxp.mcuxpresso.tools.win32_11.10.0.202311280810/tools/bin/../lib/gcc/arm-none-eabi/13.2.1/../../../../arm-none-eabi/lib/thumb/v8-m.main/nofp\libcr_c.a(__fillbuf.o) (_deferredlazyseek)
[...]
Memory Configuration

Name             Origin             Length             Attributes
PROGRAM_FLASH    0x00000000         0x00020000         xr
SRAM             0x20000000         0x00006000         xrw
SRAMX0           0x04000000         0x00002000         xrw
SRAMX1           0x04002000         0x00001000         xrw
*default*        0x00000000         0xffffffff

Linker script and memory map

LOAD ./utilities/fsl_assert.o
LOAD ./utilities/fsl_debug_console.o
LOAD ./utilities/fsl_memcpy.o
LOAD ./utilities/fsl_str.o
LOAD ./startup/startup_mcxa153.o
LOAD ./source/led_blinky.o
LOAD ./source/semihost_hardfault.o
LOAD ./drivers/fsl_clock.o
LOAD ./drivers/fsl_common.o
LOAD ./drivers/fsl_common_arm.o
LOAD ./drivers/fsl_gpio.o
LOAD ./drivers/fsl_lpuart.o
LOAD ./drivers/fsl_reset.o
LOAD ./drivers/fsl_spc.o
LOAD ./device/system_MCXA153.o
LOAD ./component/uart/fsl_adapter_lpuart.o
LOAD ./component/lists/fsl_component_generic_list.o
LOAD ./board/board.o
LOAD ./board/clock_config.o
LOAD ./board/peripherals.o
LOAD ./board/pin_mux.o
START GROUP
LOAD C:/NXP/MCUXpressoIDE_11.10.0_3148/ide/plugins/com.nxp.mcuxpresso.tools.win32_11.10.0.202311280810/tools/bin/../lib/gcc/arm-none-eabi/13.2.1/../../../../arm-none-eabi/lib/thumb/v8-m.main/nofp\libcr_nohost_nf.a
LOAD C:/NXP/MCUXpressoIDE_11.10.0_3148/ide/plugins/com.nxp.mcuxpresso.tools.win32_11.10.0.202311280810/tools/bin/../lib/gcc/arm-none-eabi/13.2.1/../../../../arm-none-eabi/lib/thumb/v8-m.main/nofp\libcr_c.a
LOAD C:/NXP/MCUXpressoIDE_11.10.0_3148/ide/plugins/com.nxp.mcuxpresso.tools.win32_11.10.0.202311280810/tools/bin/../lib/gcc/arm-none-eabi/13.2.1/thumb/v8-m.main/nofp\libcr_eabihelpers.a
LOAD C:/NXP/MCUXpressoIDE_11.10.0_3148/ide/plugins/com.nxp.mcuxpresso.tools.win32_11.10.0.202311280810/tools/bin/../lib/gcc/arm-none-eabi/13.2.1/thumb/v8-m.main/nofp\libgcc.a
END GROUP
                0x00000000                        __base_PROGRAM_FLASH = 0x0
                0x00000000                        __base_Flash = 0x0
                0x00020000                        __top_PROGRAM_FLASH = 0x20000
                0x00020000                        __top_Flash = 0x20000
                0x20000000                        __base_SRAM = 0x20000000
                0x20000000                        __base_RAM = 0x20000000
                0x20006000                        __top_SRAM = 0x20006000
                0x20006000                        __top_RAM = 0x20006000
                0x04000000                        __base_SRAMX0 = 0x4000000
                0x04000000                        __base_RAM2 = 0x4000000
                0x04002000                        __top_SRAMX0 = 0x4002000
                0x04002000                        __top_RAM2 = 0x4002000
                0x04002000                        __base_SRAMX1 = 0x4002000
                0x04002000                        __base_RAM3 = 0x4002000
                0x04003000                        __top_SRAMX1 = 0x4003000
                0x04003000                        __top_RAM3 = 0x4003000

.text           0x00000000     0x1db0
 FILL mask 0xff
                0x00000000                        __vectors_start__ = ABSOLUTE (.)
 *(SORT_BY_ALIGNMENT(.isr_vector))
 .isr_vector    0x00000000      0x16c ./startup/startup_mcxa153.o
                0x00000000                g_pfnVectors
                0x00000000                __Vectors
                0x0000016c                        . = ALIGN (0x4)
                0x0000016c                        __section_table_start = .
                0x0000016c                        __data_section_table = .
                0x0000016c        0x4 LONG 0x1db0 LOADADDR (.data)
                0x00000170        0x4 LONG 0x20000000 ADDR (.data)
                0x00000174        0x4 LONG 0x8 SIZEOF (.data)
                0x00000178        0x4 LONG 0x1db0 LOADADDR (.data_RAM2)
                0x0000017c        0x4 LONG 0x4000000 ADDR (.data_RAM2)
                0x00000180        0x4 LONG 0x0 SIZEOF (.data_RAM2)
                0x00000184        0x4 LONG 0x1db0 LOADADDR (.data_RAM3)
                0x00000188        0x4 LONG 0x4002000 ADDR (.data_RAM3)
                0x0000018c        0x4 LONG 0x0 SIZEOF (.data_RAM3)
                0x00000190                        __data_section_table_end = .
                0x00000190                        __bss_section_table = .
                0x00000190        0x4 LONG 0x20000008 ADDR (.bss)
                0x00000194        0x4 LONG 0xe4 SIZEOF (.bss)
                0x00000198        0x4 LONG 0x4000000 ADDR (.bss_RAM2)
                0x0000019c        0x4 LONG 0x0 SIZEOF (.bss_RAM2)
                0x000001a0        0x4 LONG 0x4002000 ADDR (.bss_RAM3)
                0x000001a4        0x4 LONG 0x0 SIZEOF (.bss_RAM3)
                0x000001a8                        __bss_section_table_end = .
                0x000001a8                        __section_table_end = .
 *(SORT_BY_ALIGNMENT(.after_vectors*))
 .after_vectors.reset
                0x000001a8       0x68 ./startup/startup_mcxa153.o
                0x000001a8                ResetISR
 .after_vectors.init_data
                0x00000210       0x1c ./startup/startup_mcxa153.o
                0x00000210                data_init
 .after_vectors.init_bss
                0x0000022c       0x12 ./startup/startup_mcxa153.o
                0x0000022c                bss_init
 .after_vectors
                0x0000023e       0x16 ./startup/startup_mcxa153.o
                0x0000023e                NMI_Handler
                0x00000242                MemManage_Handler
                0x00000244                BusFault_Handler
                0x00000246                UsageFault_Handler
                0x00000248                SecureFault_Handler
                0x0000024a                SVC_Handler
                0x0000024c                DebugMon_Handler
                0x0000024e                PendSV_Handler
                0x00000252                LPTMR0_DriverIRQHandler
                0x00000252                FLEXPWM0_SUBMODULE1_DriverIRQHandler
                0x00000252                MBC0_DriverIRQHandler
                0x00000252                WAKETIMER0_DriverIRQHandler
                0x00000252                I3C0_DriverIRQHandler
                0x00000252                LPI2C0_DriverIRQHandler
                0x00000252                FLEXPWM0_RELOAD_ERROR_DriverIRQHandler
                0x00000252                QDC0_HOME_DriverIRQHandler
                0x00000252                Reserved82_DriverIRQHandler
                0x00000252                QDC0_WATCHDOG_DriverIRQHandler
                0x00000252                ERM0_MULTI_BIT_DriverIRQHandler
                0x00000252                Reserved36_DriverIRQHandler
                0x00000252                CTIMER2_DriverIRQHandler
                0x00000252                Reserved33_DriverIRQHandler
                0x00000252                CMP1_DriverIRQHandler
                0x00000252                IntDefaultHandler
                0x00000252                USB0_DriverIRQHandler
                0x00000252                QDC0_INDEX_DriverIRQHandler
                0x00000252                UTICK0_DriverIRQHandler
                0x00000252                Reserved41_DriverIRQHandler
                0x00000252                Reserved39_DriverIRQHandler
                0x00000252                WWDT0_DriverIRQHandler
                0x00000252                Reserved84_DriverIRQHandler
                0x00000252                FLEXPWM0_FAULT_DriverIRQHandler
                0x00000252                GPIO0_DriverIRQHandler
                0x00000252                Reserved38_DriverIRQHandler
                0x00000252                FREQME0_DriverIRQHandler
                0x00000252                Reserved22_DriverIRQHandler
                0x00000252                Reserved53_DriverIRQHandler
                0x00000252                Reserved35_DriverIRQHandler
                0x00000252                CTIMER0_DriverIRQHandler
                0x00000252                Reserved79_DriverIRQHandler
                0x00000252                Reserved24_DriverIRQHandler
                0x00000252                CTIMER1_DriverIRQHandler
                0x00000252                QDC0_COMPARE_DriverIRQHandler
                0x00000252                WUU0_DriverIRQHandler
                0x00000252                LPSPI0_DriverIRQHandler
                0x00000252                DMA_CH3_DriverIRQHandler
                0x00000252                Reserved83_DriverIRQHandler
                0x00000252                Reserved72_DriverIRQHandler
                0x00000252                Reserved23_DriverIRQHandler
                0x00000252                Reserved65_DriverIRQHandler
                0x00000252                ERM0_SINGLE_BIT_DriverIRQHandler
                0x00000252                DMA_CH2_DriverIRQHandler
                0x00000252                CMC_DriverIRQHandler
                0x00000252                Reserved51_DriverIRQHandler
                0x00000252                Reserved25_DriverIRQHandler
                0x00000252                FLEXPWM0_SUBMODULE2_DriverIRQHandler
                0x00000252                FMU0_DriverIRQHandler
                0x00000252                LPSPI1_DriverIRQHandler
                0x00000252                Reserved77_DriverIRQHandler
                0x00000252                Reserved16_DriverIRQHandler
                0x00000252                GPIO2_DriverIRQHandler
                0x00000252                Reserved85_DriverIRQHandler
                0x00000252                ADC0_DriverIRQHandler
                0x00000252                CMP0_DriverIRQHandler
                0x00000252                CDOG0_DriverIRQHandler
                0x00000252                Reserved59_DriverIRQHandler
                0x00000252                DMA_CH0_DriverIRQHandler
                0x00000252                Reserved58_DriverIRQHandler
                0x00000252                DMA_CH1_DriverIRQHandler
                0x00000252                SPC0_DriverIRQHandler
                0x00000252                GLIKEY0_DriverIRQHandler
                0x00000252                Reserved43_DriverIRQHandler
                0x00000252                Reserved46_DriverIRQHandler
                0x00000252                Reserved37_DriverIRQHandler
                0x00000252                Reserved86_DriverIRQHandler
                0x00000252                GPIO1_DriverIRQHandler
                0x00000252                FLEXPWM0_SUBMODULE0_DriverIRQHandler
                0x00000252                Reserved50_DriverIRQHandler
                0x00000252                OS_EVENT_DriverIRQHandler
                0x00000252                SCG0_DriverIRQHandler
                0x00000252                GPIO3_DriverIRQHandler
 *(SORT_BY_ALIGNMENT(.text*))
 .text.__assertion_failed
                0x00000254       0x2c ./utilities/fsl_assert.o
                0x00000254                __assertion_failed
 .text.DbgConsole_Vprintf
                0x00000280       0x3c ./utilities/fsl_debug_console.o
                0x00000280                DbgConsole_Vprintf
 .text.DbgConsole_Putchar
                0x000002bc       0x30 ./utilities/fsl_debug_console.o
                0x000002bc                DbgConsole_Putchar
 .text.DbgConsole_PrintfFormattedData
                0x000002ec      0x3e0 ./utilities/fsl_debug_console.o
 .text          0x000006cc       0xa0 ./utilities/fsl_memcpy.o
                0x000006cc                memcpy
 .text.SysTick_Handler
                0x0000076c       0x18 ./source/led_blinky.o
                0x0000076c                SysTick_Handler
 .text.main     0x00000784       0x40 ./source/led_blinky.o
                0x00000784                main
 .text.CLOCK_SetClockSelect
                0x000007c4       0x94 ./drivers/fsl_clock.o
                0x000007c4                CLOCK_SetClockSelect
 .text.CLOCK_SetClockDiv
                0x00000858       0x7c ./drivers/fsl_clock.o
                0x00000858                CLOCK_SetClockDiv
 .text.CLOCK_SetupFRO12MClocking
                0x000008d4       0x54 ./drivers/fsl_clock.o
                0x000008d4                CLOCK_SetupFRO12MClocking
 .text.CLOCK_GetFro12MFreq
                0x00000928       0x28 ./drivers/fsl_clock.o
 .text.CLOCK_GetFroHfFreq
                0x00000950       0xc0 ./drivers/fsl_clock.o
 .text.CLOCK_GetClk16KFreq
                0x00000a10       0x44 ./drivers/fsl_clock.o
 .text.CLOCK_GetExtClkFreq
                0x00000a54       0x2c ./drivers/fsl_clock.o
 .text.CLOCK_GetMainClk
                0x00000a80       0x68 ./drivers/fsl_clock.o
                0x00000a80                CLOCK_GetMainClk
 .text.CLOCK_GetCoreSysClkFreq
                0x00000ae8       0x20 ./drivers/fsl_clock.o
                0x00000ae8                CLOCK_GetCoreSysClkFreq
 .text.GPIO_PinInit
                0x00000b08       0x64 ./drivers/fsl_gpio.o
                0x00000b08                GPIO_PinInit
 .text.LPUART0_DriverIRQHandler
                0x00000b6c       0x24 ./drivers/fsl_lpuart.o
                0x00000b6c                LPUART0_DriverIRQHandler
 .text.LPUART1_DriverIRQHandler
                0x00000b90       0x24 ./drivers/fsl_lpuart.o
                0x00000b90                LPUART1_DriverIRQHandler
 .text.LPUART2_DriverIRQHandler
                0x00000bb4       0x24 ./drivers/fsl_lpuart.o
                0x00000bb4                LPUART2_DriverIRQHandler
 .text.RESET_SetPeripheralReset
                0x00000bd8       0xb4 ./drivers/fsl_reset.o
                0x00000bd8                RESET_SetPeripheralReset
 .text.SPC_SetSRAMOperateVoltage
                0x00000c8c       0x64 ./drivers/fsl_spc.o
                0x00000c8c                SPC_SetSRAMOperateVoltage
 .text.SPC_SetActiveModeCoreLDORegulatorConfig
                0x00000cf0       0x94 ./drivers/fsl_spc.o
                0x00000cf0                SPC_SetActiveModeCoreLDORegulatorConfig
 .text.SystemInit
                0x00000d84      0x10c ./device/system_MCXA153.o
                0x00000d84                SystemInit
 .text.BOARD_BootClockFRO12M
                0x00000e90       0xb8 ./board/clock_config.o
                0x00000e90                BOARD_BootClockFRO12M
 .text.__NVIC_SetPriority
                0x00000f48       0x54 ./board/peripherals.o
 .text.SysTick_Config
                0x00000f9c       0x44 ./board/peripherals.o
 .text.SysTick_init
                0x00000fe0       0x14 ./board/peripherals.o
 .text.CLOCK_EnableClock
                0x00000ff4       0x88 ./board/pin_mux.o
 .text.PORT_SetPinConfig
                0x0000107c       0x38 ./board/pin_mux.o
 .text.BOARD_InitPins
                0x000010b4       0x64 ./board/pin_mux.o
                0x000010b4                BOARD_InitPins
 .text._initio  0x00001118       0x78 C:/NXP/MCUXpressoIDE_11.10.0_3148/ide/plugins/com.nxp.mcuxpresso.tools.win32_11.10.0.202311280810/tools/bin/../lib/gcc/arm-none-eabi/13.2.1/../../../../arm-none-eabi/lib/thumb/v8-m.main/nofp\libcr_c.a(initio.o)
                0x00001118                _initio
 .text._Cwritebuf
                0x00001190       0x6c C:/NXP/MCUXpressoIDE_11.10.0_3148/ide/plugins/com.nxp.mcuxpresso.tools.win32_11.10.0.202311280810/tools/bin/../lib/gcc/arm-none-eabi/13.2.1/../../../../arm-none-eabi/lib/thumb/v8-m.main/nofp\libcr_c.a(_writebuf.o)
                0x00001190                _Cwritebuf
 .text.fflush   0x000011fc       0x3c C:/NXP/MCUXpressoIDE_11.10.0_3148/ide/plugins/com.nxp.mcuxpresso.tools.win32_11.10.0.202311280810/tools/bin/../lib/gcc/arm-none-eabi/13.2.1/../../../../arm-none-eabi/lib/thumb/v8-m.main/nofp\libcr_c.a(fflush.o)
                0x000011fc                fflush
 .text.fseek    0x00001238       0xf8 C:/NXP/MCUXpressoIDE_11.10.0_3148/ide/plugins/com.nxp.mcuxpresso.tools.win32_11.10.0.202311280810/tools/bin/../lib/gcc/arm-none-eabi/13.2.1/../../../../arm-none-eabi/lib/thumb/v8-m.main/nofp\libcr_c.a(fseek.o)
                0x00001238                fseek
 .text.ftell    0x00001330       0x44 C:/NXP/MCUXpressoIDE_11.10.0_3148/ide/plugins/com.nxp.mcuxpresso.tools.win32_11.10.0.202311280810/tools/bin/../lib/gcc/arm-none-eabi/13.2.1/../../../../arm-none-eabi/lib/thumb/v8-m.main/nofp\libcr_c.a(ftell.o)
                0x00001330                ftell
 .text.fsl_assert_hook
                0x00001374       0x18 ./utilities/fsl_assert.o
                0x00001374                fsl_assert_hook
 .text.DbgConsole_Printf
                0x0000138c       0x2c ./utilities/fsl_debug_console.o
                0x0000138c                DbgConsole_Printf
 .text.DbgConsole_PrintfPaddingCharacter
                0x000013b8       0x40 ./utilities/fsl_debug_console.o
 .text.DbgConsole_ConvertRadixNumToString
                0x000013f8       0xc0 ./utilities/fsl_debug_console.o
 .text.Reserved16_IRQHandler
                0x000014b8        0x8 ./startup/startup_mcxa153.o
                0x000014b8                Reserved16_IRQHandler
 .text.CMC_IRQHandler
                0x000014c0        0x8 ./startup/startup_mcxa153.o
                0x000014c0                CMC_IRQHandler
 .text.DMA_CH0_IRQHandler
                0x000014c8        0x8 ./startup/startup_mcxa153.o
                0x000014c8                DMA_CH0_IRQHandler
 .text.DMA_CH1_IRQHandler
                0x000014d0        0x8 ./startup/startup_mcxa153.o
                0x000014d0                DMA_CH1_IRQHandler
 .text.DMA_CH2_IRQHandler
                0x000014d8        0x8 ./startup/startup_mcxa153.o
                0x000014d8                DMA_CH2_IRQHandler
 .text.DMA_CH3_IRQHandler
                0x000014e0        0x8 ./startup/startup_mcxa153.o
                0x000014e0                DMA_CH3_IRQHandler
 .text.Reserved22_IRQHandler
                0x000014e8        0x8 ./startup/startup_mcxa153.o
                0x000014e8                Reserved22_IRQHandler
 .text.Reserved23_IRQHandler
                0x000014f0        0x8 ./startup/startup_mcxa153.o
                0x000014f0                Reserved23_IRQHandler
 .text.Reserved24_IRQHandler
                0x000014f8        0x8 ./startup/startup_mcxa153.o
                0x000014f8                Reserved24_IRQHandler
 .text.Reserved25_IRQHandler
                0x00001500        0x8 ./startup/startup_mcxa153.o
                0x00001500                Reserved25_IRQHandler
 .text.ERM0_SINGLE_BIT_IRQHandler
                0x00001508        0x8 ./startup/startup_mcxa153.o
                0x00001508                ERM0_SINGLE_BIT_IRQHandler
 .text.ERM0_MULTI_BIT_IRQHandler
                0x00001510        0x8 ./startup/startup_mcxa153.o
                0x00001510                ERM0_MULTI_BIT_IRQHandler
 .text.FMU0_IRQHandler
                0x00001518        0x8 ./startup/startup_mcxa153.o
                0x00001518                FMU0_IRQHandler
 .text.GLIKEY0_IRQHandler
                0x00001520        0x8 ./startup/startup_mcxa153.o
                0x00001520                GLIKEY0_IRQHandler
 .text.MBC0_IRQHandler
                0x00001528        0x8 ./startup/startup_mcxa153.o
                0x00001528                MBC0_IRQHandler
 .text.SCG0_IRQHandler
                0x00001530        0x8 ./startup/startup_mcxa153.o
                0x00001530                SCG0_IRQHandler
 .text.SPC0_IRQHandler
                0x00001538        0x8 ./startup/startup_mcxa153.o
                0x00001538                SPC0_IRQHandler
 .text.Reserved33_IRQHandler
                0x00001540        0x8 ./startup/startup_mcxa153.o
                0x00001540                Reserved33_IRQHandler
 .text.WUU0_IRQHandler
                0x00001548        0x8 ./startup/startup_mcxa153.o
                0x00001548                WUU0_IRQHandler
 .text.Reserved35_IRQHandler
                0x00001550        0x8 ./startup/startup_mcxa153.o
                0x00001550                Reserved35_IRQHandler
 .text.Reserved36_IRQHandler
                0x00001558        0x8 ./startup/startup_mcxa153.o
                0x00001558                Reserved36_IRQHandler
 .text.Reserved37_IRQHandler
                0x00001560        0x8 ./startup/startup_mcxa153.o
                0x00001560                Reserved37_IRQHandler
 .text.Reserved38_IRQHandler
                0x00001568        0x8 ./startup/startup_mcxa153.o
                0x00001568                Reserved38_IRQHandler
 .text.Reserved39_IRQHandler
                0x00001570        0x8 ./startup/startup_mcxa153.o
                0x00001570                Reserved39_IRQHandler
 .text.I3C0_IRQHandler
                0x00001578        0x8 ./startup/startup_mcxa153.o
                0x00001578                I3C0_IRQHandler
 .text.Reserved41_IRQHandler
                0x00001580        0x8 ./startup/startup_mcxa153.o
                0x00001580                Reserved41_IRQHandler
 .text.LPI2C0_IRQHandler
                0x00001588        0x8 ./startup/startup_mcxa153.o
                0x00001588                LPI2C0_IRQHandler
 .text.Reserved43_IRQHandler
                0x00001590        0x8 ./startup/startup_mcxa153.o
                0x00001590                Reserved43_IRQHandler
 .text.LPSPI0_IRQHandler
                0x00001598        0x8 ./startup/startup_mcxa153.o
                0x00001598                LPSPI0_IRQHandler
 .text.LPSPI1_IRQHandler
                0x000015a0        0x8 ./startup/startup_mcxa153.o
                0x000015a0                LPSPI1_IRQHandler
 .text.Reserved46_IRQHandler
                0x000015a8        0x8 ./startup/startup_mcxa153.o
                0x000015a8                Reserved46_IRQHandler
 .text.LPUART0_IRQHandler
                0x000015b0        0x8 ./startup/startup_mcxa153.o
                0x000015b0                LPUART0_IRQHandler
 .text.LPUART1_IRQHandler
                0x000015b8        0x8 ./startup/startup_mcxa153.o
                0x000015b8                LPUART1_IRQHandler
 .text.LPUART2_IRQHandler
                0x000015c0        0x8 ./startup/startup_mcxa153.o
                0x000015c0                LPUART2_IRQHandler
 .text.Reserved50_IRQHandler
                0x000015c8        0x8 ./startup/startup_mcxa153.o
                0x000015c8                Reserved50_IRQHandler
 .text.Reserved51_IRQHandler
                0x000015d0        0x8 ./startup/startup_mcxa153.o
                0x000015d0                Reserved51_IRQHandler
 .text.USB0_IRQHandler
                0x000015d8        0x8 ./startup/startup_mcxa153.o
                0x000015d8                USB0_IRQHandler
 .text.Reserved53_IRQHandler
                0x000015e0        0x8 ./startup/startup_mcxa153.o
                0x000015e0                Reserved53_IRQHandler
 .text.CDOG0_IRQHandler
                0x000015e8        0x8 ./startup/startup_mcxa153.o
                0x000015e8                CDOG0_IRQHandler
 .text.CTIMER0_IRQHandler
                0x000015f0        0x8 ./startup/startup_mcxa153.o
                0x000015f0                CTIMER0_IRQHandler
 .text.CTIMER1_IRQHandler
                0x000015f8        0x8 ./startup/startup_mcxa153.o
                0x000015f8                CTIMER1_IRQHandler
 .text.CTIMER2_IRQHandler
                0x00001600        0x8 ./startup/startup_mcxa153.o
                0x00001600                CTIMER2_IRQHandler
 .text.Reserved58_IRQHandler
                0x00001608        0x8 ./startup/startup_mcxa153.o
                0x00001608                Reserved58_IRQHandler
 .text.Reserved59_IRQHandler
                0x00001610        0x8 ./startup/startup_mcxa153.o
                0x00001610                Reserved59_IRQHandler
 .text.FLEXPWM0_RELOAD_ERROR_IRQHandler
                0x00001618        0x8 ./startup/startup_mcxa153.o
                0x00001618                FLEXPWM0_RELOAD_ERROR_IRQHandler
 .text.FLEXPWM0_FAULT_IRQHandler
                0x00001620        0x8 ./startup/startup_mcxa153.o
                0x00001620                FLEXPWM0_FAULT_IRQHandler
 .text.FLEXPWM0_SUBMODULE0_IRQHandler
                0x00001628        0x8 ./startup/startup_mcxa153.o
                0x00001628                FLEXPWM0_SUBMODULE0_IRQHandler
 .text.FLEXPWM0_SUBMODULE1_IRQHandler
                0x00001630        0x8 ./startup/startup_mcxa153.o
                0x00001630                FLEXPWM0_SUBMODULE1_IRQHandler
 .text.FLEXPWM0_SUBMODULE2_IRQHandler
                0x00001638        0x8 ./startup/startup_mcxa153.o
                0x00001638                FLEXPWM0_SUBMODULE2_IRQHandler
 .text.Reserved65_IRQHandler
                0x00001640        0x8 ./startup/startup_mcxa153.o
                0x00001640                Reserved65_IRQHandler
 .text.QDC0_COMPARE_IRQHandler
                0x00001648        0x8 ./startup/startup_mcxa153.o
                0x00001648                QDC0_COMPARE_IRQHandler
 .text.QDC0_HOME_IRQHandler
                0x00001650        0x8 ./startup/startup_mcxa153.o
                0x00001650                QDC0_HOME_IRQHandler
 .text.QDC0_WATCHDOG_IRQHandler
                0x00001658        0x8 ./startup/startup_mcxa153.o
                0x00001658                QDC0_WATCHDOG_IRQHandler
 .text.QDC0_INDEX_IRQHandler
                0x00001660        0x8 ./startup/startup_mcxa153.o
                0x00001660                QDC0_INDEX_IRQHandler
 .text.FREQME0_IRQHandler
                0x00001668        0x8 ./startup/startup_mcxa153.o
                0x00001668                FREQME0_IRQHandler
 .text.LPTMR0_IRQHandler
                0x00001670        0x8 ./startup/startup_mcxa153.o
                0x00001670                LPTMR0_IRQHandler
 .text.Reserved72_IRQHandler
                0x00001678        0x8 ./startup/startup_mcxa153.o
                0x00001678                Reserved72_IRQHandler
 .text.OS_EVENT_IRQHandler
                0x00001680        0x8 ./startup/startup_mcxa153.o
                0x00001680                OS_EVENT_IRQHandler
 .text.WAKETIMER0_IRQHandler
                0x00001688        0x8 ./startup/startup_mcxa153.o
                0x00001688                WAKETIMER0_IRQHandler
 .text.UTICK0_IRQHandler
                0x00001690        0x8 ./startup/startup_mcxa153.o
                0x00001690                UTICK0_IRQHandler
 .text.WWDT0_IRQHandler
                0x00001698        0x8 ./startup/startup_mcxa153.o
                0x00001698                WWDT0_IRQHandler
 .text.Reserved77_IRQHandler
                0x000016a0        0x8 ./startup/startup_mcxa153.o
                0x000016a0                Reserved77_IRQHandler
 .text.ADC0_IRQHandler
                0x000016a8        0x8 ./startup/startup_mcxa153.o
                0x000016a8                ADC0_IRQHandler
 .text.Reserved79_IRQHandler
                0x000016b0        0x8 ./startup/startup_mcxa153.o
                0x000016b0                Reserved79_IRQHandler
 .text.CMP0_IRQHandler
                0x000016b8        0x8 ./startup/startup_mcxa153.o
                0x000016b8                CMP0_IRQHandler
 .text.CMP1_IRQHandler
                0x000016c0        0x8 ./startup/startup_mcxa153.o
                0x000016c0                CMP1_IRQHandler
 .text.Reserved82_IRQHandler
                0x000016c8        0x8 ./startup/startup_mcxa153.o
                0x000016c8                Reserved82_IRQHandler
 .text.Reserved83_IRQHandler
                0x000016d0        0x8 ./startup/startup_mcxa153.o
                0x000016d0                Reserved83_IRQHandler
 .text.Reserved84_IRQHandler
                0x000016d8        0x8 ./startup/startup_mcxa153.o
                0x000016d8                Reserved84_IRQHandler
 .text.Reserved85_IRQHandler
                0x000016e0        0x8 ./startup/startup_mcxa153.o
                0x000016e0                Reserved85_IRQHandler
 .text.Reserved86_IRQHandler
                0x000016e8        0x8 ./startup/startup_mcxa153.o
                0x000016e8                Reserved86_IRQHandler
 .text.GPIO0_IRQHandler
                0x000016f0        0x8 ./startup/startup_mcxa153.o
                0x000016f0                GPIO0_IRQHandler
 .text.GPIO1_IRQHandler
                0x000016f8        0x8 ./startup/startup_mcxa153.o
                0x000016f8                GPIO1_IRQHandler
 .text.GPIO2_IRQHandler
                0x00001700        0x8 ./startup/startup_mcxa153.o
                0x00001700                GPIO2_IRQHandler
 .text.GPIO3_IRQHandler
                0x00001708        0x8 ./startup/startup_mcxa153.o
                0x00001708                GPIO3_IRQHandler
 .text.GPIO_PinWrite
                0x00001710       0x34 ./source/led_blinky.o
 .text.GPIO_PortToggle
                0x00001744       0x1a ./source/led_blinky.o
 .text.HardFault_Handler
                0x0000175e       0x36 ./source/semihost_hardfault.o
                0x0000175e                HardFault_Handler
 .text.CLOCK_AttachClk
                0x00001794       0x30 ./drivers/fsl_clock.o
                0x00001794                CLOCK_AttachClk
 .text.GPIO_PinWrite
                0x000017c4       0x34 ./drivers/fsl_gpio.o
 .text.SPC_GetActiveModeBandgapMode
                0x000017f8       0x20 ./drivers/fsl_spc.o
 .text.SPC_GetActiveModeVoltageDetectStatus
                0x00001818       0x20 ./drivers/fsl_spc.o
 .text.SPC_GetActiveModeCoreLDOVDDVoltageLevel
                0x00001838       0x20 ./drivers/fsl_spc.o
 .text.SPC_GetActiveModeCoreLDODriveStrength
                0x00001858       0x20 ./drivers/fsl_spc.o
 .text.SPC_SetActiveModeCoreLDORegulatorVoltageLevel
                0x00001878       0x60 ./drivers/fsl_spc.o
                0x00001878                SPC_SetActiveModeCoreLDORegulatorVoltageLevel
 .text.SPC_SetActiveModeCoreLDORegulatorDriveStrength
                0x000018d8       0x5e ./drivers/fsl_spc.o
                0x000018d8                SPC_SetActiveModeCoreLDORegulatorDriveStrength
 .text.SystemInitHook
                0x00001936        0xc ./device/system_MCXA153.o
                0x00001936                SystemInitHook
 .text.BOARD_InitPeripherals
                0x00001942        0xc ./board/peripherals.o
                0x00001942                BOARD_InitPeripherals
 .text.BOARD_InitBootPeripherals
                0x0000194e        0xc ./board/peripherals.o
                0x0000194e                BOARD_InitBootPeripherals
 .text.RESET_ReleasePeripheralReset
                0x0000195a       0x1a ./board/pin_mux.o
 .text.__main   0x00001974        0xe C:/NXP/MCUXpressoIDE_11.10.0_3148/ide/plugins/com.nxp.mcuxpresso.tools.win32_11.10.0.202311280810/tools/bin/../lib/gcc/arm-none-eabi/13.2.1/../../../../arm-none-eabi/lib/thumb/v8-m.main/nofp\libcr_nohost_nf.a(_cr__main.o)
                0x00001974                __main
 .text.memset   0x00001982        0x4 C:/NXP/MCUXpressoIDE_11.10.0_3148/ide/plugins/com.nxp.mcuxpresso.tools.win32_11.10.0.202311280810/tools/bin/../lib/gcc/arm-none-eabi/13.2.1/../../../../arm-none-eabi/lib/thumb/v8-m.main/nofp\libcr_c.a(memset.o)
                0x00001982                memset
 .text.free     0x00001986       0x30 C:/NXP/MCUXpressoIDE_11.10.0_3148/ide/plugins/com.nxp.mcuxpresso.tools.win32_11.10.0.202311280810/tools/bin/../lib/gcc/arm-none-eabi/13.2.1/../../../../arm-none-eabi/lib/thumb/v8-m.main/nofp\libcr_c.a(alloc.o)
                0x00001986                free
 .text.setvbuf  0x000019b6       0x3e C:/NXP/MCUXpressoIDE_11.10.0_3148/ide/plugins/com.nxp.mcuxpresso.tools.win32_11.10.0.202311280810/tools/bin/../lib/gcc/arm-none-eabi/13.2.1/../../../../arm-none-eabi/lib/thumb/v8-m.main/nofp\libcr_c.a(setvbuf.o)
                0x000019b6                setvbuf
 .text.strlen   0x000019f4       0x4e C:/NXP/MCUXpressoIDE_11.10.0_3148/ide/plugins/com.nxp.mcuxpresso.tools.win32_11.10.0.202311280810/tools/bin/../lib/gcc/arm-none-eabi/13.2.1/../../../../arm-none-eabi/lib/thumb/v8-m.main/nofp\libcr_c.a(strlen.o)
                0x000019f4                strlen
 .text._deferredlazyseek
                0x00001a42       0x40 C:/NXP/MCUXpressoIDE_11.10.0_3148/ide/plugins/com.nxp.mcuxpresso.tools.win32_11.10.0.202311280810/tools/bin/../lib/gcc/arm-none-eabi/13.2.1/../../../../arm-none-eabi/lib/thumb/v8-m.main/nofp\libcr_c.a(_deferredlazyseek.o)
                0x00001a42                _deferredlazyseek
 .text._fdopen  0x00001a82       0x68 C:/NXP/MCUXpressoIDE_11.10.0_3148/ide/plugins/com.nxp.mcuxpresso.tools.win32_11.10.0.202311280810/tools/bin/../lib/gcc/arm-none-eabi/13.2.1/../../../../arm-none-eabi/lib/thumb/v8-m.main/nofp\libcr_c.a(_fdopen.o)
                0x00001a82                _fdopen
 .text._fflush  0x00001aea       0x52 C:/NXP/MCUXpressoIDE_11.10.0_3148/ide/plugins/com.nxp.mcuxpresso.tools.win32_11.10.0.202311280810/tools/bin/../lib/gcc/arm-none-eabi/13.2.1/../../../../arm-none-eabi/lib/thumb/v8-m.main/nofp\libcr_c.a(_fflush.o)
                0x00001aea                _fflush
 .text.fclose   0x00001b3c       0x58 C:/NXP/MCUXpressoIDE_11.10.0_3148/ide/plugins/com.nxp.mcuxpresso.tools.win32_11.10.0.202311280810/tools/bin/../lib/gcc/arm-none-eabi/13.2.1/../../../../arm-none-eabi/lib/thumb/v8-m.main/nofp\libcr_c.a(fclose.o)
                0x00001b3c                fclose
 .text.remove   0x00001b94       0x14 C:/NXP/MCUXpressoIDE_11.10.0_3148/ide/plugins/com.nxp.mcuxpresso.tools.win32_11.10.0.202311280810/tools/bin/../lib/gcc/arm-none-eabi/13.2.1/../../../../arm-none-eabi/lib/thumb/v8-m.main/nofp\libcr_c.a(remove.o)
                0x00001b94                remove
 .text._do_fflush
                0x00001ba8       0x40 C:/NXP/MCUXpressoIDE_11.10.0_3148/ide/plugins/com.nxp.mcuxpresso.tools.win32_11.10.0.202311280810/tools/bin/../lib/gcc/arm-none-eabi/13.2.1/../../../../arm-none-eabi/lib/thumb/v8-m.main/nofp\libcr_c.a(_do_fflush.o)
                0x00001ba8                _do_fflush
 .text.__aeabi_memset_lowlevel
                0x00001be8       0x32 C:/NXP/MCUXpressoIDE_11.10.0_3148/ide/plugins/com.nxp.mcuxpresso.tools.win32_11.10.0.202311280810/tools/bin/../lib/gcc/arm-none-eabi/13.2.1/thumb/v8-m.main/nofp\libcr_eabihelpers.a(memcpy.o)
                0x00001be8                __aeabi_lowlevel_memset
 .text.__sys_close
                0x00001c1a        0x6 C:/NXP/MCUXpressoIDE_11.10.0_3148/ide/plugins/com.nxp.mcuxpresso.tools.win32_11.10.0.202311280810/tools/bin/../lib/gcc/arm-none-eabi/13.2.1/../../../../arm-none-eabi/lib/thumb/v8-m.main/nofp\libcr_nohost_nf.a(__sys_close.o)
                0x00001c1a                __sys_close
 .text.__sys_flen
                0x00001c20        0x6 C:/NXP/MCUXpressoIDE_11.10.0_3148/ide/plugins/com.nxp.mcuxpresso.tools.win32_11.10.0.202311280810/tools/bin/../lib/gcc/arm-none-eabi/13.2.1/../../../../arm-none-eabi/lib/thumb/v8-m.main/nofp\libcr_nohost_nf.a(__sys_flen.o)
                0x00001c20                __sys_flen
 .text.__sys_istty
                0x00001c26        0x6 C:/NXP/MCUXpressoIDE_11.10.0_3148/ide/plugins/com.nxp.mcuxpresso.tools.win32_11.10.0.202311280810/tools/bin/../lib/gcc/arm-none-eabi/13.2.1/../../../../arm-none-eabi/lib/thumb/v8-m.main/nofp\libcr_nohost_nf.a(__sys_istty.o)
                0x00001c26                __sys_istty
 .text.__sys_remove
                0x00001c2c        0x6 C:/NXP/MCUXpressoIDE_11.10.0_3148/ide/plugins/com.nxp.mcuxpresso.tools.win32_11.10.0.202311280810/tools/bin/../lib/gcc/arm-none-eabi/13.2.1/../../../../arm-none-eabi/lib/thumb/v8-m.main/nofp\libcr_nohost_nf.a(__sys_remove.o)
                0x00001c2c                __sys_remove
 .text.__sys_seek
                0x00001c32        0x6 C:/NXP/MCUXpressoIDE_11.10.0_3148/ide/plugins/com.nxp.mcuxpresso.tools.win32_11.10.0.202311280810/tools/bin/../lib/gcc/arm-none-eabi/13.2.1/../../../../arm-none-eabi/lib/thumb/v8-m.main/nofp\libcr_nohost_nf.a(__sys_seek.o)
                0x00001c32                __sys_seek
 .text.__sys_tmpnam
                0x00001c38        0x6 C:/NXP/MCUXpressoIDE_11.10.0_3148/ide/plugins/com.nxp.mcuxpresso.tools.win32_11.10.0.202311280810/tools/bin/../lib/gcc/arm-none-eabi/13.2.1/../../../../arm-none-eabi/lib/thumb/v8-m.main/nofp\libcr_nohost_nf.a(__sys_tmpnam.o)
                0x00001c38                __sys_tmpnam
 .text.__sys_write
                0x00001c3e        0x4 C:/NXP/MCUXpressoIDE_11.10.0_3148/ide/plugins/com.nxp.mcuxpresso.tools.win32_11.10.0.202311280810/tools/bin/../lib/gcc/arm-none-eabi/13.2.1/../../../../arm-none-eabi/lib/thumb/v8-m.main/nofp\libcr_nohost_nf.a(__sys_write.o)
                0x00001c3e                __sys_write
 *(SORT_BY_ALIGNMENT(.rodata) SORT_BY_ALIGNMENT(.rodata.*) SORT_BY_ALIGNMENT(.constdata) SORT_BY_ALIGNMENT(.constdata.*))
 *fill*         0x00001c42        0x2 ff
 .rodata.__assertion_failed.str1.4
                0x00001c44      0x161 ./utilities/fsl_assert.o
                                 0x14 (size before relaxing)
 .rodata.CLOCK_SetClockSelect.str1.4
                0x00001da5       0x2c ./drivers/fsl_clock.o
 .rodata.CLOCK_SetClockDiv.str1.4
                0x00001da5       0x2c ./drivers/fsl_clock.o
 .rodata.GPIO_PinInit.str1.4
                0x00001da5       0x20 ./drivers/fsl_gpio.o
 .rodata.RESET_SetPeripheralReset.str1.4
                0x00001da5       0x3f ./drivers/fsl_reset.o
 .rodata.SPC_SetSRAMOperateVoltage.str1.4
                0x00001da5       0x1f ./drivers/fsl_spc.o
 .rodata.SPC_SetActiveModeCoreLDORegulatorConfig.str1.4
                0x00001da5       0x1f ./drivers/fsl_spc.o
 .rodata.PORT_SetPinConfig.str1.4
                0x00001da5       0x55 ./board/pin_mux.o
 *fill*         0x00001da5        0x3 ff
 .rodata.__num_Ciob_streams
                0x00001da8        0x4 C:/NXP/MCUXpressoIDE_11.10.0_3148/ide/plugins/com.nxp.mcuxpresso.tools.win32_11.10.0.202311280810/tools/bin/../lib/gcc/arm-none-eabi/13.2.1/../../../../arm-none-eabi/lib/thumb/v8-m.main/nofp\libcr_nohost_nf.a(__ciob.o)
                0x00001da8                __num_Ciob_streams
 .rodata._initio.str1.1
                0x00001dac        0x4 C:/NXP/MCUXpressoIDE_11.10.0_3148/ide/plugins/com.nxp.mcuxpresso.tools.win32_11.10.0.202311280810/tools/bin/../lib/gcc/arm-none-eabi/13.2.1/../../../../arm-none-eabi/lib/thumb/v8-m.main/nofp\libcr_c.a(initio.o)
                0x00001db0                        . = ALIGN (0x4)

.glue_7         0x00001db0        0x0
 .glue_7        0x00001db0        0x0 linker stubs

.glue_7t        0x00001db0        0x0
 .glue_7t       0x00001db0        0x0 linker stubs

.vfp11_veneer   0x00001db0        0x0
 .vfp11_veneer  0x00001db0        0x0 linker stubs

.v4_bx          0x00001db0        0x0
 .v4_bx         0x00001db0        0x0 linker stubs

.iplt           0x00001db0        0x0
 .iplt          0x00001db0        0x0 ./utilities/fsl_assert.o

.rel.dyn        0x00001db0        0x0
 .rel.iplt      0x00001db0        0x0 ./utilities/fsl_assert.o

.ARM.extab
 *(SORT_BY_ALIGNMENT(.ARM.extab*) SORT_BY_ALIGNMENT(.gnu.linkonce.armextab.*))

.ARM.exidx      0x00001db0        0x0
                0x00001db0                        __exidx_start = .
 *(SORT_BY_ALIGNMENT(.ARM.exidx*) SORT_BY_ALIGNMENT(.gnu.linkonce.armexidx.*))
                0x00001db0                        __exidx_end = .
                0x00001db0                        _etext = .

.data_RAM2      0x04000000        0x0 load address 0x00001db0
 FILL mask 0xff
                [!provide]                        PROVIDE (__start_data_RAM2 = .)
                [!provide]                        PROVIDE (__start_data_SRAMX0 = .)
 *(SORT_BY_ALIGNMENT(.ramfunc.$RAM2))
 *(SORT_BY_ALIGNMENT(.ramfunc.$SRAMX0))
 *(SORT_BY_ALIGNMENT(.data.$RAM2))
 *(SORT_BY_ALIGNMENT(.data.$SRAMX0))
 *(SORT_BY_ALIGNMENT(.data.$RAM2.*))
 *(SORT_BY_ALIGNMENT(.data.$SRAMX0.*))
                0x04000000                        . = ALIGN (0x4)
                [!provide]                        PROVIDE (__end_data_RAM2 = .)
                [!provide]                        PROVIDE (__end_data_SRAMX0 = .)

.data_RAM3      0x04002000        0x0 load address 0x00001db0
 FILL mask 0xff
                [!provide]                        PROVIDE (__start_data_RAM3 = .)
                [!provide]                        PROVIDE (__start_data_SRAMX1 = .)
 *(SORT_BY_ALIGNMENT(.ramfunc.$RAM3))
 *(SORT_BY_ALIGNMENT(.ramfunc.$SRAMX1))
 *(SORT_BY_ALIGNMENT(.data.$RAM3))
 *(SORT_BY_ALIGNMENT(.data.$SRAMX1))
 *(SORT_BY_ALIGNMENT(.data.$RAM3.*))
 *(SORT_BY_ALIGNMENT(.data.$SRAMX1.*))
                0x04002000                        . = ALIGN (0x4)
                [!provide]                        PROVIDE (__end_data_RAM3 = .)
                [!provide]                        PROVIDE (__end_data_SRAMX1 = .)

.uninit_RESERVED
                0x20000000        0x0
                0x20000000                        _start_uninit_RESERVED = .
 *(SORT_BY_ALIGNMENT(.bss.$RESERVED*))
                0x20000000                        . = ALIGN (0x4)
                0x20000000                        _end_uninit_RESERVED = .

.data           0x20000000        0x8 load address 0x00001db0
 FILL mask 0xff
                0x20000000                        _data = .
                [!provide]                        PROVIDE (__start_data_RAM = .)
                [!provide]                        PROVIDE (__start_data_SRAM = .)
 *(SORT_BY_ALIGNMENT(vtable))
 *(SORT_BY_ALIGNMENT(.ramfunc*))
 *(SORT_BY_ALIGNMENT(CodeQuickAccess))
 *(SORT_BY_ALIGNMENT(DataQuickAccess))
 *(SORT_BY_ALIGNMENT(RamFunction))
 *(SORT_BY_ALIGNMENT(.data*))
 .data.s_Ext_Clk_Freq
                0x20000000        0x4 ./drivers/fsl_clock.o
 .data.SystemCoreClock
                0x20000004        0x4 ./device/system_MCXA153.o
                0x20000004                SystemCoreClock
                0x20000008                        . = ALIGN (0x4)
                0x20000008                        _edata = .
                [!provide]                        PROVIDE (__end_data_RAM = .)
                [!provide]                        PROVIDE (__end_data_SRAM = .)

.igot.plt       0x20000008        0x0 load address 0x00001db8
 .igot.plt      0x20000008        0x0 ./utilities/fsl_assert.o

.bss_RAM2       0x04000000        0x0
                [!provide]                        PROVIDE (__start_bss_RAM2 = .)
                [!provide]                        PROVIDE (__start_bss_SRAMX0 = .)
 *(SORT_BY_ALIGNMENT(.bss.$RAM2))
 *(SORT_BY_ALIGNMENT(.bss.$SRAMX0))
 *(SORT_BY_ALIGNMENT(.bss.$RAM2.*))
 *(SORT_BY_ALIGNMENT(.bss.$SRAMX0.*))
                0x04000000                        . = ALIGN ((. != 0x0)?0x4:0x1)
                [!provide]                        PROVIDE (__end_bss_RAM2 = .)
                [!provide]                        PROVIDE (__end_bss_SRAMX0 = .)

.bss_RAM3       0x04002000        0x0
                [!provide]                        PROVIDE (__start_bss_RAM3 = .)
                [!provide]                        PROVIDE (__start_bss_SRAMX1 = .)
 *(SORT_BY_ALIGNMENT(.bss.$RAM3))
 *(SORT_BY_ALIGNMENT(.bss.$SRAMX1))
 *(SORT_BY_ALIGNMENT(.bss.$RAM3.*))
 *(SORT_BY_ALIGNMENT(.bss.$SRAMX1.*))
                0x04002000                        . = ALIGN ((. != 0x0)?0x4:0x1)
                [!provide]                        PROVIDE (__end_bss_RAM3 = .)
                [!provide]                        PROVIDE (__end_bss_SRAMX1 = .)

.bss            0x20000008       0xe4
                0x20000008                        _bss = .
                [!provide]                        PROVIDE (__start_bss_RAM = .)
                [!provide]                        PROVIDE (__start_bss_SRAM = .)
 *(SORT_BY_ALIGNMENT(.bss*))
 .bss.s_debugConsole
                0x20000008       0x14 ./utilities/fsl_debug_console.o
 .bss.s_lpuartHandle
                0x2000001c        0xc ./drivers/fsl_lpuart.o
                0x2000001c                s_lpuartHandle
 .bss.s_lpuartIsr
                0x20000028        0xc ./drivers/fsl_lpuart.o
                0x20000028                s_lpuartIsr
 .bss.errno     0x20000034        0x4 C:/NXP/MCUXpressoIDE_11.10.0_3148/ide/plugins/com.nxp.mcuxpresso.tools.win32_11.10.0.202311280810/tools/bin/../lib/gcc/arm-none-eabi/13.2.1/../../../../arm-none-eabi/lib/thumb/v8-m.main/nofp\libcr_c.a(errno.o)
                0x20000034                errno
 .bss.__Ciob    0x20000038       0xb4 C:/NXP/MCUXpressoIDE_11.10.0_3148/ide/plugins/com.nxp.mcuxpresso.tools.win32_11.10.0.202311280810/tools/bin/../lib/gcc/arm-none-eabi/13.2.1/../../../../arm-none-eabi/lib/thumb/v8-m.main/nofp\libcr_nohost_nf.a(__ciob.o)
                0x20000038                __Ciob
 *(SORT_BY_ALIGNMENT(COMMON))
                0x200000ec                        . = ALIGN (0x4)
                0x200000ec                        _ebss = .
                [!provide]                        PROVIDE (__end_bss_RAM = .)
                [!provide]                        PROVIDE (__end_bss_SRAM = .)
                [!provide]                        PROVIDE (end = .)

.noinit_RAM2    0x04000000        0x0
                [!provide]                        PROVIDE (__start_noinit_RAM2 = .)
                [!provide]                        PROVIDE (__start_noinit_SRAMX0 = .)
 *(SORT_BY_ALIGNMENT(.noinit.$RAM2))
 *(SORT_BY_ALIGNMENT(.noinit.$SRAMX0))
 *(SORT_BY_ALIGNMENT(.noinit.$RAM2.*))
 *(SORT_BY_ALIGNMENT(.noinit.$SRAMX0.*))
                0x04000000                        . = ALIGN (0x4)
                [!provide]                        PROVIDE (__end_noinit_RAM2 = .)
                [!provide]                        PROVIDE (__end_noinit_SRAMX0 = .)

.noinit_RAM3    0x04002000        0x0
                [!provide]                        PROVIDE (__start_noinit_RAM3 = .)
                [!provide]                        PROVIDE (__start_noinit_SRAMX1 = .)
 *(SORT_BY_ALIGNMENT(.noinit.$RAM3))
 *(SORT_BY_ALIGNMENT(.noinit.$SRAMX1))
 *(SORT_BY_ALIGNMENT(.noinit.$RAM3.*))
 *(SORT_BY_ALIGNMENT(.noinit.$SRAMX1.*))
                0x04002000                        . = ALIGN (0x4)
                [!provide]                        PROVIDE (__end_noinit_RAM3 = .)
                [!provide]                        PROVIDE (__end_noinit_SRAMX1 = .)

.noinit         0x200000ec        0x0
                0x200000ec                        _noinit = .
                [!provide]                        PROVIDE (__start_noinit_RAM = .)
                [!provide]                        PROVIDE (__start_noinit_SRAM = .)
 *(SORT_BY_ALIGNMENT(.noinit*))
                0x200000ec                        . = ALIGN (0x4)
                0x200000ec                        _end_noinit = .
                [!provide]                        PROVIDE (__end_noinit_RAM = .)
                [!provide]                        PROVIDE (__end_noinit_SRAM = .)
                0x00000600                        _HeapSize = 0x600

.heap           0x200000ec      0x600
                0x200000ec                        _pvHeapStart = .
                0x200006ec                        . = (. + _HeapSize)
 *fill*         0x200000ec      0x600 
                0x200006ec                        . = ALIGN (0x4)
                0x200006ec                        _pvHeapLimit = .
                0x00000600                        _StackSize = 0x600

.heap2stackfill
                0x200006ec      0x600
                0x20000cec                        . = (. + _StackSize)
 *fill*         0x200006ec      0x600 

.stack          0x20005a00        0x0
                0x20005a00                        _vStackBase = .
                0x20005a00                        . = ALIGN (0x4)
                0x20006000                        _vStackTop = (. + _StackSize)
                0x00000000                        _image_start = LOADADDR (.text)
                0x00001db8                        _image_end = (LOADADDR (.data) + SIZEOF (.data))
                0x00001db8                        _image_size = (_image_end - _image_start)
OUTPUT(frdmmcxa153_led_blinky.axf elf32-littlearm)
LOAD linker stubs

.debug_info     0x00000000     0xe401
 .debug_info    0x00000000      0x127 ./utilities/fsl_assert.o
 .debug_info    0x00000127      0xd83 ./utilities/fsl_debug_console.o
 .debug_info    0x00000eaa       0x24 ./utilities/fsl_memcpy.o
 .debug_info    0x00000ece      0xb86 ./startup/startup_mcxa153.o
 .debug_info    0x00001a54      0x2d3 ./source/led_blinky.o
 .debug_info    0x00001d27       0x3c ./source/semihost_hardfault.o
 .debug_info    0x00001d63     0x214c ./drivers/fsl_clock.o
 .debug_info    0x00003eaf      0x480 ./drivers/fsl_gpio.o
 .debug_info    0x0000432f     0x2d15 ./drivers/fsl_lpuart.o
 .debug_info    0x00007044      0xab1 ./drivers/fsl_reset.o
 .debug_info    0x00007af5      0xfd6 ./drivers/fsl_spc.o
 .debug_info    0x00008acb      0xaf0 ./device/system_MCXA153.o
 .debug_info    0x000095bb      0xafe ./board/clock_config.o
 .debug_info    0x0000a0b9      0x85e ./board/peripherals.o
 .debug_info    0x0000a917     0x119e ./board/pin_mux.o
 .debug_info    0x0000bab5       0x85 C:/NXP/MCUXpressoIDE_11.10.0_3148/ide/plugins/com.nxp.mcuxpresso.tools.win32_11.10.0.202311280810/tools/bin/../lib/gcc/arm-none-eabi/13.2.1/../../../../arm-none-eabi/lib/thumb/v8-m.main/nofp\libcr_nohost_nf.a(_cr__main.o)
 .debug_info    0x0000bb3a       0xfc C:/NXP/MCUXpressoIDE_11.10.0_3148/ide/plugins/com.nxp.mcuxpresso.tools.win32_11.10.0.202311280810/tools/bin/../lib/gcc/arm-none-eabi/13.2.1/../../../../arm-none-eabi/lib/thumb/v8-m.main/nofp\libcr_c.a(memset.o)
 .debug_info    0x0000bc36      0x520 C:/NXP/MCUXpressoIDE_11.10.0_3148/ide/plugins/com.nxp.mcuxpresso.tools.win32_11.10.0.202311280810/tools/bin/../lib/gcc/arm-none-eabi/13.2.1/../../../../arm-none-eabi/lib/thumb/v8-m.main/nofp\libcr_c.a(alloc.o)
 .debug_info    0x0000c156       0x44 C:/NXP/MCUXpressoIDE_11.10.0_3148/ide/plugins/com.nxp.mcuxpresso.tools.win32_11.10.0.202311280810/tools/bin/../lib/gcc/arm-none-eabi/13.2.1/../../../../arm-none-eabi/lib/thumb/v8-m.main/nofp\libcr_c.a(errno.o)
 .debug_info    0x0000c19a      0x339 C:/NXP/MCUXpressoIDE_11.10.0_3148/ide/plugins/com.nxp.mcuxpresso.tools.win32_11.10.0.202311280810/tools/bin/../lib/gcc/arm-none-eabi/13.2.1/../../../../arm-none-eabi/lib/thumb/v8-m.main/nofp\libcr_c.a(initio.o)
 .debug_info    0x0000c4d3      0x1fd C:/NXP/MCUXpressoIDE_11.10.0_3148/ide/plugins/com.nxp.mcuxpresso.tools.win32_11.10.0.202311280810/tools/bin/../lib/gcc/arm-none-eabi/13.2.1/../../../../arm-none-eabi/lib/thumb/v8-m.main/nofp\libcr_c.a(setvbuf.o)
 .debug_info    0x0000c6d0       0xe1 C:/NXP/MCUXpressoIDE_11.10.0_3148/ide/plugins/com.nxp.mcuxpresso.tools.win32_11.10.0.202311280810/tools/bin/../lib/gcc/arm-none-eabi/13.2.1/../../../../arm-none-eabi/lib/thumb/v8-m.main/nofp\libcr_c.a(strlen.o)
 .debug_info    0x0000c7b1      0x369 C:/NXP/MCUXpressoIDE_11.10.0_3148/ide/plugins/com.nxp.mcuxpresso.tools.win32_11.10.0.202311280810/tools/bin/../lib/gcc/arm-none-eabi/13.2.1/../../../../arm-none-eabi/lib/thumb/v8-m.main/nofp\libcr_c.a(_deferredlazyseek.o)
 .debug_info    0x0000cb1a      0x24b C:/NXP/MCUXpressoIDE_11.10.0_3148/ide/plugins/com.nxp.mcuxpresso.tools.win32_11.10.0.202311280810/tools/bin/../lib/gcc/arm-none-eabi/13.2.1/../../../../arm-none-eabi/lib/thumb/v8-m.main/nofp\libcr_c.a(_fdopen.o)
 .debug_info    0x0000cd65      0x1e3 C:/NXP/MCUXpressoIDE_11.10.0_3148/ide/plugins/com.nxp.mcuxpresso.tools.win32_11.10.0.202311280810/tools/bin/../lib/gcc/arm-none-eabi/13.2.1/../../../../arm-none-eabi/lib/thumb/v8-m.main/nofp\libcr_c.a(_fflush.o)
 .debug_info    0x0000cf48      0x289 C:/NXP/MCUXpressoIDE_11.10.0_3148/ide/plugins/com.nxp.mcuxpresso.tools.win32_11.10.0.202311280810/tools/bin/../lib/gcc/arm-none-eabi/13.2.1/../../../../arm-none-eabi/lib/thumb/v8-m.main/nofp\libcr_c.a(_writebuf.o)
 .debug_info    0x0000d1d1      0x318 C:/NXP/MCUXpressoIDE_11.10.0_3148/ide/plugins/com.nxp.mcuxpresso.tools.win32_11.10.0.202311280810/tools/bin/../lib/gcc/arm-none-eabi/13.2.1/../../../../arm-none-eabi/lib/thumb/v8-m.main/nofp\libcr_c.a(fclose.o)
 .debug_info    0x0000d4e9      0x209 C:/NXP/MCUXpressoIDE_11.10.0_3148/ide/plugins/com.nxp.mcuxpresso.tools.win32_11.10.0.202311280810/tools/bin/../lib/gcc/arm-none-eabi/13.2.1/../../../../arm-none-eabi/lib/thumb/v8-m.main/nofp\libcr_c.a(fflush.o)
 .debug_info    0x0000d6f2      0x276 C:/NXP/MCUXpressoIDE_11.10.0_3148/ide/plugins/com.nxp.mcuxpresso.tools.win32_11.10.0.202311280810/tools/bin/../lib/gcc/arm-none-eabi/13.2.1/../../../../arm-none-eabi/lib/thumb/v8-m.main/nofp\libcr_c.a(fseek.o)
 .debug_info    0x0000d968      0x197 C:/NXP/MCUXpressoIDE_11.10.0_3148/ide/plugins/com.nxp.mcuxpresso.tools.win32_11.10.0.202311280810/tools/bin/../lib/gcc/arm-none-eabi/13.2.1/../../../../arm-none-eabi/lib/thumb/v8-m.main/nofp\libcr_c.a(ftell.o)
 .debug_info    0x0000daff      0x1d7 C:/NXP/MCUXpressoIDE_11.10.0_3148/ide/plugins/com.nxp.mcuxpresso.tools.win32_11.10.0.202311280810/tools/bin/../lib/gcc/arm-none-eabi/13.2.1/../../../../arm-none-eabi/lib/thumb/v8-m.main/nofp\libcr_c.a(remove.o)
 .debug_info    0x0000dcd6      0x23a C:/NXP/MCUXpressoIDE_11.10.0_3148/ide/plugins/com.nxp.mcuxpresso.tools.win32_11.10.0.202311280810/tools/bin/../lib/gcc/arm-none-eabi/13.2.1/../../../../arm-none-eabi/lib/thumb/v8-m.main/nofp\libcr_c.a(_do_fflush.o)
 .debug_info    0x0000df10      0x18b C:/NXP/MCUXpressoIDE_11.10.0_3148/ide/plugins/com.nxp.mcuxpresso.tools.win32_11.10.0.202311280810/tools/bin/../lib/gcc/arm-none-eabi/13.2.1/../../../../arm-none-eabi/lib/thumb/v8-m.main/nofp\libcr_nohost_nf.a(__ciob.o)
 .debug_info    0x0000e09b       0x6a C:/NXP/MCUXpressoIDE_11.10.0_3148/ide/plugins/com.nxp.mcuxpresso.tools.win32_11.10.0.202311280810/tools/bin/../lib/gcc/arm-none-eabi/13.2.1/../../../../arm-none-eabi/lib/thumb/v8-m.main/nofp\libcr_nohost_nf.a(__sys_close.o)
 .debug_info    0x0000e105       0x6a C:/NXP/MCUXpressoIDE_11.10.0_3148/ide/plugins/com.nxp.mcuxpresso.tools.win32_11.10.0.202311280810/tools/bin/../lib/gcc/arm-none-eabi/13.2.1/../../../../arm-none-eabi/lib/thumb/v8-m.main/nofp\libcr_nohost_nf.a(__sys_flen.o)
 .debug_info    0x0000e16f       0x6a C:/NXP/MCUXpressoIDE_11.10.0_3148/ide/plugins/com.nxp.mcuxpresso.tools.win32_11.10.0.202311280810/tools/bin/../lib/gcc/arm-none-eabi/13.2.1/../../../../arm-none-eabi/lib/thumb/v8-m.main/nofp\libcr_nohost_nf.a(__sys_istty.o)
 .debug_info    0x0000e1d9       0x8a C:/NXP/MCUXpressoIDE_11.10.0_3148/ide/plugins/com.nxp.mcuxpresso.tools.win32_11.10.0.202311280810/tools/bin/../lib/gcc/arm-none-eabi/13.2.1/../../../../arm-none-eabi/lib/thumb/v8-m.main/nofp\libcr_nohost_nf.a(__sys_remove.o)
 .debug_info    0x0000e263       0x78 C:/NXP/MCUXpressoIDE_11.10.0_3148/ide/plugins/com.nxp.mcuxpresso.tools.win32_11.10.0.202311280810/tools/bin/../lib/gcc/arm-none-eabi/13.2.1/../../../../arm-none-eabi/lib/thumb/v8-m.main/nofp\libcr_nohost_nf.a(__sys_seek.o)
 .debug_info    0x0000e2db       0x93 C:/NXP/MCUXpressoIDE_11.10.0_3148/ide/plugins/com.nxp.mcuxpresso.tools.win32_11.10.0.202311280810/tools/bin/../lib/gcc/arm-none-eabi/13.2.1/../../../../arm-none-eabi/lib/thumb/v8-m.main/nofp\libcr_nohost_nf.a(__sys_tmpnam.o)
 .debug_info    0x0000e36e       0x93 C:/NXP/MCUXpressoIDE_11.10.0_3148/ide/plugins/com.nxp.mcuxpresso.tools.win32_11.10.0.202311280810/tools/bin/../lib/gcc/arm-none-eabi/13.2.1/../../../../arm-none-eabi/lib/thumb/v8-m.main/nofp\libcr_nohost_nf.a(__sys_write.o)

.debug_abbrev   0x00000000     0x2fa6
 .debug_abbrev  0x00000000       0xbd ./utilities/fsl_assert.o
 .debug_abbrev  0x000000bd      0x256 ./utilities/fsl_debug_console.o
 .debug_abbrev  0x00000313       0x14 ./utilities/fsl_memcpy.o
 .debug_abbrev  0x00000327      0x134 ./startup/startup_mcxa153.o
 .debug_abbrev  0x0000045b      0x153 ./source/led_blinky.o
 .debug_abbrev  0x000005ae       0x31 ./source/semihost_hardfault.o
 .debug_abbrev  0x000005df      0x30e ./drivers/fsl_clock.o
 .debug_abbrev  0x000008ed      0x1e3 ./drivers/fsl_gpio.o
 .debug_abbrev  0x00000ad0      0x453 ./drivers/fsl_lpuart.o
 .debug_abbrev  0x00000f23      0x14c ./drivers/fsl_reset.o
 .debug_abbrev  0x0000106f      0x2c0 ./drivers/fsl_spc.o
 .debug_abbrev  0x0000132f      0x13d ./device/system_MCXA153.o
 .debug_abbrev  0x0000146c      0x1f3 ./board/clock_config.o
 .debug_abbrev  0x0000165f      0x174 ./board/peripherals.o
 .debug_abbrev  0x000017d3      0x263 ./board/pin_mux.o
 .debug_abbrev  0x00001a36       0x70 C:/NXP/MCUXpressoIDE_11.10.0_3148/ide/plugins/com.nxp.mcuxpresso.tools.win32_11.10.0.202311280810/tools/bin/../lib/gcc/arm-none-eabi/13.2.1/../../../../arm-none-eabi/lib/thumb/v8-m.main/nofp\libcr_nohost_nf.a(_cr__main.o)
 .debug_abbrev  0x00001aa6       0xa8 C:/NXP/MCUXpressoIDE_11.10.0_3148/ide/plugins/com.nxp.mcuxpresso.tools.win32_11.10.0.202311280810/tools/bin/../lib/gcc/arm-none-eabi/13.2.1/../../../../arm-none-eabi/lib/thumb/v8-m.main/nofp\libcr_c.a(memset.o)
 .debug_abbrev  0x00001b4e      0x284 C:/NXP/MCUXpressoIDE_11.10.0_3148/ide/plugins/com.nxp.mcuxpresso.tools.win32_11.10.0.202311280810/tools/bin/../lib/gcc/arm-none-eabi/13.2.1/../../../../arm-none-eabi/lib/thumb/v8-m.main/nofp\libcr_c.a(alloc.o)
 .debug_abbrev  0x00001dd2       0x44 C:/NXP/MCUXpressoIDE_11.10.0_3148/ide/plugins/com.nxp.mcuxpresso.tools.win32_11.10.0.202311280810/tools/bin/../lib/gcc/arm-none-eabi/13.2.1/../../../../arm-none-eabi/lib/thumb/v8-m.main/nofp\libcr_c.a(errno.o)
 .debug_abbrev  0x00001e16      0x169 C:/NXP/MCUXpressoIDE_11.10.0_3148/ide/plugins/com.nxp.mcuxpresso.tools.win32_11.10.0.202311280810/tools/bin/../lib/gcc/arm-none-eabi/13.2.1/../../../../arm-none-eabi/lib/thumb/v8-m.main/nofp\libcr_c.a(initio.o)
 .debug_abbrev  0x00001f7f       0xe1 C:/NXP/MCUXpressoIDE_11.10.0_3148/ide/plugins/com.nxp.mcuxpresso.tools.win32_11.10.0.202311280810/tools/bin/../lib/gcc/arm-none-eabi/13.2.1/../../../../arm-none-eabi/lib/thumb/v8-m.main/nofp\libcr_c.a(setvbuf.o)
 .debug_abbrev  0x00002060       0xa7 C:/NXP/MCUXpressoIDE_11.10.0_3148/ide/plugins/com.nxp.mcuxpresso.tools.win32_11.10.0.202311280810/tools/bin/../lib/gcc/arm-none-eabi/13.2.1/../../../../arm-none-eabi/lib/thumb/v8-m.main/nofp\libcr_c.a(strlen.o)
 .debug_abbrev  0x00002107      0x152 C:/NXP/MCUXpressoIDE_11.10.0_3148/ide/plugins/com.nxp.mcuxpresso.tools.win32_11.10.0.202311280810/tools/bin/../lib/gcc/arm-none-eabi/13.2.1/../../../../arm-none-eabi/lib/thumb/v8-m.main/nofp\libcr_c.a(_deferredlazyseek.o)
 .debug_abbrev  0x00002259      0x119 C:/NXP/MCUXpressoIDE_11.10.0_3148/ide/plugins/com.nxp.mcuxpresso.tools.win32_11.10.0.202311280810/tools/bin/../lib/gcc/arm-none-eabi/13.2.1/../../../../arm-none-eabi/lib/thumb/v8-m.main/nofp\libcr_c.a(_fdopen.o)
 .debug_abbrev  0x00002372       0xf1 C:/NXP/MCUXpressoIDE_11.10.0_3148/ide/plugins/com.nxp.mcuxpresso.tools.win32_11.10.0.202311280810/tools/bin/../lib/gcc/arm-none-eabi/13.2.1/../../../../arm-none-eabi/lib/thumb/v8-m.main/nofp\libcr_c.a(_fflush.o)
 .debug_abbrev  0x00002463      0x126 C:/NXP/MCUXpressoIDE_11.10.0_3148/ide/plugins/com.nxp.mcuxpresso.tools.win32_11.10.0.202311280810/tools/bin/../lib/gcc/arm-none-eabi/13.2.1/../../../../arm-none-eabi/lib/thumb/v8-m.main/nofp\libcr_c.a(_writebuf.o)
 .debug_abbrev  0x00002589      0x155 C:/NXP/MCUXpressoIDE_11.10.0_3148/ide/plugins/com.nxp.mcuxpresso.tools.win32_11.10.0.202311280810/tools/bin/../lib/gcc/arm-none-eabi/13.2.1/../../../../arm-none-eabi/lib/thumb/v8-m.main/nofp\libcr_c.a(fclose.o)
 .debug_abbrev  0x000026de      0x125 C:/NXP/MCUXpressoIDE_11.10.0_3148/ide/plugins/com.nxp.mcuxpresso.tools.win32_11.10.0.202311280810/tools/bin/../lib/gcc/arm-none-eabi/13.2.1/../../../../arm-none-eabi/lib/thumb/v8-m.main/nofp\libcr_c.a(fflush.o)
 .debug_abbrev  0x00002803      0x11b C:/NXP/MCUXpressoIDE_11.10.0_3148/ide/plugins/com.nxp.mcuxpresso.tools.win32_11.10.0.202311280810/tools/bin/../lib/gcc/arm-none-eabi/13.2.1/../../../../arm-none-eabi/lib/thumb/v8-m.main/nofp\libcr_c.a(fseek.o)
 .debug_abbrev  0x0000291e       0xc2 C:/NXP/MCUXpressoIDE_11.10.0_3148/ide/plugins/com.nxp.mcuxpresso.tools.win32_11.10.0.202311280810/tools/bin/../lib/gcc/arm-none-eabi/13.2.1/../../../../arm-none-eabi/lib/thumb/v8-m.main/nofp\libcr_c.a(ftell.o)
 .debug_abbrev  0x000029e0       0xfb C:/NXP/MCUXpressoIDE_11.10.0_3148/ide/plugins/com.nxp.mcuxpresso.tools.win32_11.10.0.202311280810/tools/bin/../lib/gcc/arm-none-eabi/13.2.1/../../../../arm-none-eabi/lib/thumb/v8-m.main/nofp\libcr_c.a(remove.o)
 .debug_abbrev  0x00002adb      0x12c C:/NXP/MCUXpressoIDE_11.10.0_3148/ide/plugins/com.nxp.mcuxpresso.tools.win32_11.10.0.202311280810/tools/bin/../lib/gcc/arm-none-eabi/13.2.1/../../../../arm-none-eabi/lib/thumb/v8-m.main/nofp\libcr_c.a(_do_fflush.o)
 .debug_abbrev  0x00002c07       0xb5 C:/NXP/MCUXpressoIDE_11.10.0_3148/ide/plugins/com.nxp.mcuxpresso.tools.win32_11.10.0.202311280810/tools/bin/../lib/gcc/arm-none-eabi/13.2.1/../../../../arm-none-eabi/lib/thumb/v8-m.main/nofp\libcr_nohost_nf.a(__ciob.o)
 .debug_abbrev  0x00002cbc       0x5c C:/NXP/MCUXpressoIDE_11.10.0_3148/ide/plugins/com.nxp.mcuxpresso.tools.win32_11.10.0.202311280810/tools/bin/../lib/gcc/arm-none-eabi/13.2.1/../../../../arm-none-eabi/lib/thumb/v8-m.main/nofp\libcr_nohost_nf.a(__sys_close.o)
 .debug_abbrev  0x00002d18       0x5c C:/NXP/MCUXpressoIDE_11.10.0_3148/ide/plugins/com.nxp.mcuxpresso.tools.win32_11.10.0.202311280810/tools/bin/../lib/gcc/arm-none-eabi/13.2.1/../../../../arm-none-eabi/lib/thumb/v8-m.main/nofp\libcr_nohost_nf.a(__sys_flen.o)
 .debug_abbrev  0x00002d74       0x5c C:/NXP/MCUXpressoIDE_11.10.0_3148/ide/plugins/com.nxp.mcuxpresso.tools.win32_11.10.0.202311280810/tools/bin/../lib/gcc/arm-none-eabi/13.2.1/../../../../arm-none-eabi/lib/thumb/v8-m.main/nofp\libcr_nohost_nf.a(__sys_istty.o)
 .debug_abbrev  0x00002dd0       0x7d C:/NXP/MCUXpressoIDE_11.10.0_3148/ide/plugins/com.nxp.mcuxpresso.tools.win32_11.10.0.202311280810/tools/bin/../lib/gcc/arm-none-eabi/13.2.1/../../../../arm-none-eabi/lib/thumb/v8-m.main/nofp\libcr_nohost_nf.a(__sys_remove.o)
 .debug_abbrev  0x00002e4d       0x6d C:/NXP/MCUXpressoIDE_11.10.0_3148/ide/plugins/com.nxp.mcuxpresso.tools.win32_11.10.0.202311280810/tools/bin/../lib/gcc/arm-none-eabi/13.2.1/../../../../arm-none-eabi/lib/thumb/v8-m.main/nofp\libcr_nohost_nf.a(__sys_seek.o)
 .debug_abbrev  0x00002eba       0x76 C:/NXP/MCUXpressoIDE_11.10.0_3148/ide/plugins/com.nxp.mcuxpresso.tools.win32_11.10.0.202311280810/tools/bin/../lib/gcc/arm-none-eabi/13.2.1/../../../../arm-none-eabi/lib/thumb/v8-m.main/nofp\libcr_nohost_nf.a(__sys_tmpnam.o)
 .debug_abbrev  0x00002f30       0x76 C:/NXP/MCUXpressoIDE_11.10.0_3148/ide/plugins/com.nxp.mcuxpresso.tools.win32_11.10.0.202311280810/tools/bin/../lib/gcc/arm-none-eabi/13.2.1/../../../../arm-none-eabi/lib/thumb/v8-m.main/nofp\libcr_nohost_nf.a(__sys_write.o)

.debug_aranges  0x00000000      0xcc8
 .debug_aranges
                0x00000000       0x28 ./utilities/fsl_assert.o
 .debug_aranges
                0x00000028       0x78 ./utilities/fsl_debug_console.o
 .debug_aranges
                0x000000a0       0x20 ./utilities/fsl_memcpy.o
 .debug_aranges
                0x000000c0      0x2e0 ./startup/startup_mcxa153.o
 .debug_aranges
                0x000003a0       0x38 ./source/led_blinky.o
 .debug_aranges
                0x000003d8       0x20 ./source/semihost_hardfault.o
 .debug_aranges
                0x000003f8      0x168 ./drivers/fsl_clock.o
 .debug_aranges
                0x00000560       0x50 ./drivers/fsl_gpio.o
 .debug_aranges
                0x000005b0      0x198 ./drivers/fsl_lpuart.o
 .debug_aranges
                0x00000748       0x30 ./drivers/fsl_reset.o
 .debug_aranges
                0x00000778      0x110 ./drivers/fsl_spc.o
 .debug_aranges
                0x00000888       0x30 ./device/system_MCXA153.o
 .debug_aranges
                0x000008b8       0x48 ./board/clock_config.o
 .debug_aranges
                0x00000900       0x40 ./board/peripherals.o
 .debug_aranges
                0x00000940       0x40 ./board/pin_mux.o
 .debug_aranges
                0x00000980       0x20 C:/NXP/MCUXpressoIDE_11.10.0_3148/ide/plugins/com.nxp.mcuxpresso.tools.win32_11.10.0.202311280810/tools/bin/../lib/gcc/arm-none-eabi/13.2.1/../../../../arm-none-eabi/lib/thumb/v8-m.main/nofp\libcr_nohost_nf.a(_cr__main.o)
 .debug_aranges
                0x000009a0       0x20 C:/NXP/MCUXpressoIDE_11.10.0_3148/ide/plugins/com.nxp.mcuxpresso.tools.win32_11.10.0.202311280810/tools/bin/../lib/gcc/arm-none-eabi/13.2.1/../../../../arm-none-eabi/lib/thumb/v8-m.main/nofp\libcr_c.a(memset.o)
 .debug_aranges
                0x000009c0       0x40 C:/NXP/MCUXpressoIDE_11.10.0_3148/ide/plugins/com.nxp.mcuxpresso.tools.win32_11.10.0.202311280810/tools/bin/../lib/gcc/arm-none-eabi/13.2.1/../../../../arm-none-eabi/lib/thumb/v8-m.main/nofp\libcr_c.a(alloc.o)
 .debug_aranges
                0x00000a00       0x18 C:/NXP/MCUXpressoIDE_11.10.0_3148/ide/plugins/com.nxp.mcuxpresso.tools.win32_11.10.0.202311280810/tools/bin/../lib/gcc/arm-none-eabi/13.2.1/../../../../arm-none-eabi/lib/thumb/v8-m.main/nofp\libcr_c.a(errno.o)
 .debug_aranges
                0x00000a18       0x28 C:/NXP/MCUXpressoIDE_11.10.0_3148/ide/plugins/com.nxp.mcuxpresso.tools.win32_11.10.0.202311280810/tools/bin/../lib/gcc/arm-none-eabi/13.2.1/../../../../arm-none-eabi/lib/thumb/v8-m.main/nofp\libcr_c.a(initio.o)
 .debug_aranges
                0x00000a40       0x20 C:/NXP/MCUXpressoIDE_11.10.0_3148/ide/plugins/com.nxp.mcuxpresso.tools.win32_11.10.0.202311280810/tools/bin/../lib/gcc/arm-none-eabi/13.2.1/../../../../arm-none-eabi/lib/thumb/v8-m.main/nofp\libcr_c.a(setvbuf.o)
 .debug_aranges
                0x00000a60       0x20 C:/NXP/MCUXpressoIDE_11.10.0_3148/ide/plugins/com.nxp.mcuxpresso.tools.win32_11.10.0.202311280810/tools/bin/../lib/gcc/arm-none-eabi/13.2.1/../../../../arm-none-eabi/lib/thumb/v8-m.main/nofp\libcr_c.a(strlen.o)
 .debug_aranges
                0x00000a80       0x28 C:/NXP/MCUXpressoIDE_11.10.0_3148/ide/plugins/com.nxp.mcuxpresso.tools.win32_11.10.0.202311280810/tools/bin/../lib/gcc/arm-none-eabi/13.2.1/../../../../arm-none-eabi/lib/thumb/v8-m.main/nofp\libcr_c.a(_deferredlazyseek.o)
 .debug_aranges
                0x00000aa8       0x20 C:/NXP/MCUXpressoIDE_11.10.0_3148/ide/plugins/com.nxp.mcuxpresso.tools.win32_11.10.0.202311280810/tools/bin/../lib/gcc/arm-none-eabi/13.2.1/../../../../arm-none-eabi/lib/thumb/v8-m.main/nofp\libcr_c.a(_fdopen.o)
 .debug_aranges
                0x00000ac8       0x20 C:/NXP/MCUXpressoIDE_11.10.0_3148/ide/plugins/com.nxp.mcuxpresso.tools.win32_11.10.0.202311280810/tools/bin/../lib/gcc/arm-none-eabi/13.2.1/../../../../arm-none-eabi/lib/thumb/v8-m.main/nofp\libcr_c.a(_fflush.o)
 .debug_aranges
                0x00000ae8       0x20 C:/NXP/MCUXpressoIDE_11.10.0_3148/ide/plugins/com.nxp.mcuxpresso.tools.win32_11.10.0.202311280810/tools/bin/../lib/gcc/arm-none-eabi/13.2.1/../../../../arm-none-eabi/lib/thumb/v8-m.main/nofp\libcr_c.a(_writebuf.o)
 .debug_aranges
                0x00000b08       0x20 C:/NXP/MCUXpressoIDE_11.10.0_3148/ide/plugins/com.nxp.mcuxpresso.tools.win32_11.10.0.202311280810/tools/bin/../lib/gcc/arm-none-eabi/13.2.1/../../../../arm-none-eabi/lib/thumb/v8-m.main/nofp\libcr_c.a(fclose.o)
 .debug_aranges
                0x00000b28       0x20 C:/NXP/MCUXpressoIDE_11.10.0_3148/ide/plugins/com.nxp.mcuxpresso.tools.win32_11.10.0.202311280810/tools/bin/../lib/gcc/arm-none-eabi/13.2.1/../../../../arm-none-eabi/lib/thumb/v8-m.main/nofp\libcr_c.a(fflush.o)
 .debug_aranges
                0x00000b48       0x20 C:/NXP/MCUXpressoIDE_11.10.0_3148/ide/plugins/com.nxp.mcuxpresso.tools.win32_11.10.0.202311280810/tools/bin/../lib/gcc/arm-none-eabi/13.2.1/../../../../arm-none-eabi/lib/thumb/v8-m.main/nofp\libcr_c.a(fseek.o)
 .debug_aranges
                0x00000b68       0x20 C:/NXP/MCUXpressoIDE_11.10.0_3148/ide/plugins/com.nxp.mcuxpresso.tools.win32_11.10.0.202311280810/tools/bin/../lib/gcc/arm-none-eabi/13.2.1/../../../../arm-none-eabi/lib/thumb/v8-m.main/nofp\libcr_c.a(ftell.o)
 .debug_aranges
                0x00000b88       0x28 C:/NXP/MCUXpressoIDE_11.10.0_3148/ide/plugins/com.nxp.mcuxpresso.tools.win32_11.10.0.202311280810/tools/bin/../lib/gcc/arm-none-eabi/13.2.1/../../../../arm-none-eabi/lib/thumb/v8-m.main/nofp\libcr_c.a(remove.o)
 .debug_aranges
                0x00000bb0       0x20 C:/NXP/MCUXpressoIDE_11.10.0_3148/ide/plugins/com.nxp.mcuxpresso.tools.win32_11.10.0.202311280810/tools/bin/../lib/gcc/arm-none-eabi/13.2.1/../../../../arm-none-eabi/lib/thumb/v8-m.main/nofp\libcr_c.a(_do_fflush.o)
 .debug_aranges
                0x00000bd0       0x18 C:/NXP/MCUXpressoIDE_11.10.0_3148/ide/plugins/com.nxp.mcuxpresso.tools.win32_11.10.0.202311280810/tools/bin/../lib/gcc/arm-none-eabi/13.2.1/../../../../arm-none-eabi/lib/thumb/v8-m.main/nofp\libcr_nohost_nf.a(__ciob.o)
 .debug_aranges
                0x00000be8       0x20 C:/NXP/MCUXpressoIDE_11.10.0_3148/ide/plugins/com.nxp.mcuxpresso.tools.win32_11.10.0.202311280810/tools/bin/../lib/gcc/arm-none-eabi/13.2.1/../../../../arm-none-eabi/lib/thumb/v8-m.main/nofp\libcr_nohost_nf.a(__sys_close.o)
 .debug_aranges
                0x00000c08       0x20 C:/NXP/MCUXpressoIDE_11.10.0_3148/ide/plugins/com.nxp.mcuxpresso.tools.win32_11.10.0.202311280810/tools/bin/../lib/gcc/arm-none-eabi/13.2.1/../../../../arm-none-eabi/lib/thumb/v8-m.main/nofp\libcr_nohost_nf.a(__sys_flen.o)
 .debug_aranges
                0x00000c28       0x20 C:/NXP/MCUXpressoIDE_11.10.0_3148/ide/plugins/com.nxp.mcuxpresso.tools.win32_11.10.0.202311280810/tools/bin/../lib/gcc/arm-none-eabi/13.2.1/../../../../arm-none-eabi/lib/thumb/v8-m.main/nofp\libcr_nohost_nf.a(__sys_istty.o)
 .debug_aranges
                0x00000c48       0x20 C:/NXP/MCUXpressoIDE_11.10.0_3148/ide/plugins/com.nxp.mcuxpresso.tools.win32_11.10.0.202311280810/tools/bin/../lib/gcc/arm-none-eabi/13.2.1/../../../../arm-none-eabi/lib/thumb/v8-m.main/nofp\libcr_nohost_nf.a(__sys_remove.o)
 .debug_aranges
                0x00000c68       0x20 C:/NXP/MCUXpressoIDE_11.10.0_3148/ide/plugins/com.nxp.mcuxpresso.tools.win32_11.10.0.202311280810/tools/bin/../lib/gcc/arm-none-eabi/13.2.1/../../../../arm-none-eabi/lib/thumb/v8-m.main/nofp\libcr_nohost_nf.a(__sys_seek.o)
 .debug_aranges
                0x00000c88       0x20 C:/NXP/MCUXpressoIDE_11.10.0_3148/ide/plugins/com.nxp.mcuxpresso.tools.win32_11.10.0.202311280810/tools/bin/../lib/gcc/arm-none-eabi/13.2.1/../../../../arm-none-eabi/lib/thumb/v8-m.main/nofp\libcr_nohost_nf.a(__sys_tmpnam.o)
 .debug_aranges
                0x00000ca8       0x20 C:/NXP/MCUXpressoIDE_11.10.0_3148/ide/plugins/com.nxp.mcuxpresso.tools.win32_11.10.0.202311280810/tools/bin/../lib/gcc/arm-none-eabi/13.2.1/../../../../arm-none-eabi/lib/thumb/v8-m.main/nofp\libcr_nohost_nf.a(__sys_write.o)

.debug_ranges   0x00000000      0xa88
 .debug_ranges  0x00000000       0x18 ./utilities/fsl_assert.o
 .debug_ranges  0x00000018       0x68 ./utilities/fsl_debug_console.o
 .debug_ranges  0x00000080      0x2d0 ./startup/startup_mcxa153.o
 .debug_ranges  0x00000350       0x28 ./source/led_blinky.o
 .debug_ranges  0x00000378       0x10 ./source/semihost_hardfault.o
 .debug_ranges  0x00000388      0x158 ./drivers/fsl_clock.o
 .debug_ranges  0x000004e0       0x40 ./drivers/fsl_gpio.o
 .debug_ranges  0x00000520      0x188 ./drivers/fsl_lpuart.o
 .debug_ranges  0x000006a8       0x20 ./drivers/fsl_reset.o
 .debug_ranges  0x000006c8      0x100 ./drivers/fsl_spc.o
 .debug_ranges  0x000007c8       0x20 ./device/system_MCXA153.o
 .debug_ranges  0x000007e8       0x38 ./board/clock_config.o
 .debug_ranges  0x00000820       0x30 ./board/peripherals.o
 .debug_ranges  0x00000850       0x30 ./board/pin_mux.o
 .debug_ranges  0x00000880       0x10 C:/NXP/MCUXpressoIDE_11.10.0_3148/ide/plugins/com.nxp.mcuxpresso.tools.win32_11.10.0.202311280810/tools/bin/../lib/gcc/arm-none-eabi/13.2.1/../../../../arm-none-eabi/lib/thumb/v8-m.main/nofp\libcr_nohost_nf.a(_cr__main.o)
 .debug_ranges  0x00000890       0x10 C:/NXP/MCUXpressoIDE_11.10.0_3148/ide/plugins/com.nxp.mcuxpresso.tools.win32_11.10.0.202311280810/tools/bin/../lib/gcc/arm-none-eabi/13.2.1/../../../../arm-none-eabi/lib/thumb/v8-m.main/nofp\libcr_c.a(memset.o)
 .debug_ranges  0x000008a0       0x48 C:/NXP/MCUXpressoIDE_11.10.0_3148/ide/plugins/com.nxp.mcuxpresso.tools.win32_11.10.0.202311280810/tools/bin/../lib/gcc/arm-none-eabi/13.2.1/../../../../arm-none-eabi/lib/thumb/v8-m.main/nofp\libcr_c.a(alloc.o)
 .debug_ranges  0x000008e8       0x18 C:/NXP/MCUXpressoIDE_11.10.0_3148/ide/plugins/com.nxp.mcuxpresso.tools.win32_11.10.0.202311280810/tools/bin/../lib/gcc/arm-none-eabi/13.2.1/../../../../arm-none-eabi/lib/thumb/v8-m.main/nofp\libcr_c.a(initio.o)
 .debug_ranges  0x00000900       0x10 C:/NXP/MCUXpressoIDE_11.10.0_3148/ide/plugins/com.nxp.mcuxpresso.tools.win32_11.10.0.202311280810/tools/bin/../lib/gcc/arm-none-eabi/13.2.1/../../../../arm-none-eabi/lib/thumb/v8-m.main/nofp\libcr_c.a(setvbuf.o)
 .debug_ranges  0x00000910       0x10 C:/NXP/MCUXpressoIDE_11.10.0_3148/ide/plugins/com.nxp.mcuxpresso.tools.win32_11.10.0.202311280810/tools/bin/../lib/gcc/arm-none-eabi/13.2.1/../../../../arm-none-eabi/lib/thumb/v8-m.main/nofp\libcr_c.a(strlen.o)
 .debug_ranges  0x00000920       0x30 C:/NXP/MCUXpressoIDE_11.10.0_3148/ide/plugins/com.nxp.mcuxpresso.tools.win32_11.10.0.202311280810/tools/bin/../lib/gcc/arm-none-eabi/13.2.1/../../../../arm-none-eabi/lib/thumb/v8-m.main/nofp\libcr_c.a(_deferredlazyseek.o)
 .debug_ranges  0x00000950       0x10 C:/NXP/MCUXpressoIDE_11.10.0_3148/ide/plugins/com.nxp.mcuxpresso.tools.win32_11.10.0.202311280810/tools/bin/../lib/gcc/arm-none-eabi/13.2.1/../../../../arm-none-eabi/lib/thumb/v8-m.main/nofp\libcr_c.a(_fdopen.o)
 .debug_ranges  0x00000960       0x10 C:/NXP/MCUXpressoIDE_11.10.0_3148/ide/plugins/com.nxp.mcuxpresso.tools.win32_11.10.0.202311280810/tools/bin/../lib/gcc/arm-none-eabi/13.2.1/../../../../arm-none-eabi/lib/thumb/v8-m.main/nofp\libcr_c.a(_fflush.o)
 .debug_ranges  0x00000970       0x10 C:/NXP/MCUXpressoIDE_11.10.0_3148/ide/plugins/com.nxp.mcuxpresso.tools.win32_11.10.0.202311280810/tools/bin/../lib/gcc/arm-none-eabi/13.2.1/../../../../arm-none-eabi/lib/thumb/v8-m.main/nofp\libcr_c.a(_writebuf.o)
 .debug_ranges  0x00000980       0x10 C:/NXP/MCUXpressoIDE_11.10.0_3148/ide/plugins/com.nxp.mcuxpresso.tools.win32_11.10.0.202311280810/tools/bin/../lib/gcc/arm-none-eabi/13.2.1/../../../../arm-none-eabi/lib/thumb/v8-m.main/nofp\libcr_c.a(fclose.o)
 .debug_ranges  0x00000990       0x28 C:/NXP/MCUXpressoIDE_11.10.0_3148/ide/plugins/com.nxp.mcuxpresso.tools.win32_11.10.0.202311280810/tools/bin/../lib/gcc/arm-none-eabi/13.2.1/../../../../arm-none-eabi/lib/thumb/v8-m.main/nofp\libcr_c.a(fflush.o)
 .debug_ranges  0x000009b8       0x10 C:/NXP/MCUXpressoIDE_11.10.0_3148/ide/plugins/com.nxp.mcuxpresso.tools.win32_11.10.0.202311280810/tools/bin/../lib/gcc/arm-none-eabi/13.2.1/../../../../arm-none-eabi/lib/thumb/v8-m.main/nofp\libcr_c.a(fseek.o)
 .debug_ranges  0x000009c8       0x10 C:/NXP/MCUXpressoIDE_11.10.0_3148/ide/plugins/com.nxp.mcuxpresso.tools.win32_11.10.0.202311280810/tools/bin/../lib/gcc/arm-none-eabi/13.2.1/../../../../arm-none-eabi/lib/thumb/v8-m.main/nofp\libcr_c.a(ftell.o)
 .debug_ranges  0x000009d8       0x18 C:/NXP/MCUXpressoIDE_11.10.0_3148/ide/plugins/com.nxp.mcuxpresso.tools.win32_11.10.0.202311280810/tools/bin/../lib/gcc/arm-none-eabi/13.2.1/../../../../arm-none-eabi/lib/thumb/v8-m.main/nofp\libcr_c.a(remove.o)
 .debug_ranges  0x000009f0       0x28 C:/NXP/MCUXpressoIDE_11.10.0_3148/ide/plugins/com.nxp.mcuxpresso.tools.win32_11.10.0.202311280810/tools/bin/../lib/gcc/arm-none-eabi/13.2.1/../../../../arm-none-eabi/lib/thumb/v8-m.main/nofp\libcr_c.a(_do_fflush.o)
 .debug_ranges  0x00000a18       0x10 C:/NXP/MCUXpressoIDE_11.10.0_3148/ide/plugins/com.nxp.mcuxpresso.tools.win32_11.10.0.202311280810/tools/bin/../lib/gcc/arm-none-eabi/13.2.1/../../../../arm-none-eabi/lib/thumb/v8-m.main/nofp\libcr_nohost_nf.a(__sys_close.o)
 .debug_ranges  0x00000a28       0x10 C:/NXP/MCUXpressoIDE_11.10.0_3148/ide/plugins/com.nxp.mcuxpresso.tools.win32_11.10.0.202311280810/tools/bin/../lib/gcc/arm-none-eabi/13.2.1/../../../../arm-none-eabi/lib/thumb/v8-m.main/nofp\libcr_nohost_nf.a(__sys_flen.o)
 .debug_ranges  0x00000a38       0x10 C:/NXP/MCUXpressoIDE_11.10.0_3148/ide/plugins/com.nxp.mcuxpresso.tools.win32_11.10.0.202311280810/tools/bin/../lib/gcc/arm-none-eabi/13.2.1/../../../../arm-none-eabi/lib/thumb/v8-m.main/nofp\libcr_nohost_nf.a(__sys_istty.o)
 .debug_ranges  0x00000a48       0x10 C:/NXP/MCUXpressoIDE_11.10.0_3148/ide/plugins/com.nxp.mcuxpresso.tools.win32_11.10.0.202311280810/tools/bin/../lib/gcc/arm-none-eabi/13.2.1/../../../../arm-none-eabi/lib/thumb/v8-m.main/nofp\libcr_nohost_nf.a(__sys_remove.o)
 .debug_ranges  0x00000a58       0x10 C:/NXP/MCUXpressoIDE_11.10.0_3148/ide/plugins/com.nxp.mcuxpresso.tools.win32_11.10.0.202311280810/tools/bin/../lib/gcc/arm-none-eabi/13.2.1/../../../../arm-none-eabi/lib/thumb/v8-m.main/nofp\libcr_nohost_nf.a(__sys_seek.o)
 .debug_ranges  0x00000a68       0x10 C:/NXP/MCUXpressoIDE_11.10.0_3148/ide/plugins/com.nxp.mcuxpresso.tools.win32_11.10.0.202311280810/tools/bin/../lib/gcc/arm-none-eabi/13.2.1/../../../../arm-none-eabi/lib/thumb/v8-m.main/nofp\libcr_nohost_nf.a(__sys_tmpnam.o)
 .debug_ranges  0x00000a78       0x10 C:/NXP/MCUXpressoIDE_11.10.0_3148/ide/plugins/com.nxp.mcuxpresso.tools.win32_11.10.0.202311280810/tools/bin/../lib/gcc/arm-none-eabi/13.2.1/../../../../arm-none-eabi/lib/thumb/v8-m.main/nofp\libcr_nohost_nf.a(__sys_write.o)

.debug_macro    0x00000000    0x15c38
 .debug_macro   0x00000000      0x146 ./utilities/fsl_assert.o
 .debug_macro   0x00000146      0xb02 ./utilities/fsl_assert.o
 .debug_macro   0x00000c48       0x10 ./utilities/fsl_assert.o
 .debug_macro   0x00000c58       0x1c ./utilities/fsl_assert.o
 .debug_macro   0x00000c74       0x22 ./utilities/fsl_assert.o
 .debug_macro   0x00000c96      0x12e ./utilities/fsl_assert.o
 .debug_macro   0x00000dc4      0x5b3 ./utilities/fsl_assert.o
 .debug_macro   0x00001377       0x22 ./utilities/fsl_assert.o
 .debug_macro   0x00001399       0x10 ./utilities/fsl_assert.o
 .debug_macro   0x000013a9       0x46 ./utilities/fsl_assert.o
 .debug_macro   0x000013ef       0x1c ./utilities/fsl_assert.o
 .debug_macro   0x0000140b       0x2a ./utilities/fsl_assert.o
 .debug_macro   0x00001435       0xdf ./utilities/fsl_assert.o
 .debug_macro   0x00001514     0x1543 ./utilities/fsl_assert.o
 .debug_macro   0x00002a57       0x2e ./utilities/fsl_assert.o
 .debug_macro   0x00002a85    0x11612 ./utilities/fsl_assert.o
 .debug_macro   0x00014097      0x766 ./utilities/fsl_assert.o
 .debug_macro   0x000147fd       0x88 ./utilities/fsl_assert.o
 .debug_macro   0x00014885       0xaf ./utilities/fsl_assert.o
 .debug_macro   0x00014934       0xd9 ./utilities/fsl_assert.o
 .debug_macro   0x00014a0d       0x16 ./utilities/fsl_assert.o
 .debug_macro   0x00014a23       0x7b ./utilities/fsl_assert.o
 .debug_macro   0x00014a9e       0x1c ./utilities/fsl_assert.o
 .debug_macro   0x00014aba       0x1c ./utilities/fsl_assert.o
 .debug_macro   0x00014ad6       0x34 ./utilities/fsl_assert.o
 .debug_macro   0x00014b0a      0x16c ./utilities/fsl_debug_console.o
 .debug_macro   0x00014c76       0x16 ./utilities/fsl_debug_console.o
 .debug_macro   0x00014c8c       0x10 ./utilities/fsl_debug_console.o
 .debug_macro   0x00014c9c       0x28 ./utilities/fsl_debug_console.o
 .debug_macro   0x00014cc4       0xc4 ./utilities/fsl_debug_console.o
 .debug_macro   0x00014d88       0x16 ./utilities/fsl_debug_console.o
 .debug_macro   0x00014d9e       0x47 ./utilities/fsl_debug_console.o
 .debug_macro   0x00014de5       0x29 ./startup/startup_mcxa153.o
 .debug_macro   0x00014e0e      0x172 ./source/led_blinky.o
 .debug_macro   0x00014f80       0x2e ./source/led_blinky.o
 .debug_macro   0x00014fae       0x1c ./source/led_blinky.o
 .debug_macro   0x00014fca       0x29 ./source/led_blinky.o
 .debug_macro   0x00014ff3       0x16 ./source/led_blinky.o
 .debug_macro   0x00015009      0x100 ./source/led_blinky.o
 .debug_macro   0x00015109       0x11 ./source/semihost_hardfault.o
 .debug_macro   0x0001511a      0x12b ./drivers/fsl_clock.o
 .debug_macro   0x00015245      0x13a ./drivers/fsl_gpio.o
 .debug_macro   0x0001537f       0x10 ./drivers/fsl_gpio.o
 .debug_macro   0x0001538f      0x140 ./drivers/fsl_lpuart.o
 .debug_macro   0x000154cf       0x10 ./drivers/fsl_lpuart.o
 .debug_macro   0x000154df      0x137 ./drivers/fsl_reset.o
 .debug_macro   0x00015616      0x13a ./drivers/fsl_spc.o
 .debug_macro   0x00015750       0x2e ./drivers/fsl_spc.o
 .debug_macro   0x0001577e       0x98 ./device/system_MCXA153.o
 .debug_macro   0x00015816      0x141 ./board/clock_config.o
 .debug_macro   0x00015957       0x23 ./board/clock_config.o
 .debug_macro   0x0001597a       0x34 ./board/clock_config.o
 .debug_macro   0x000159ae      0x134 ./board/peripherals.o
 .debug_macro   0x00015ae2      0x140 ./board/pin_mux.o
 .debug_macro   0x00015c22       0x16 ./board/pin_mux.o

.debug_line     0x00000000     0x7d2a
 .debug_line    0x00000000      0x3a5 ./utilities/fsl_assert.o
 .debug_line    0x000003a5      0x846 ./utilities/fsl_debug_console.o
 .debug_line    0x00000beb       0x89 ./utilities/fsl_memcpy.o
 .debug_line    0x00000c74      0x8ff ./startup/startup_mcxa153.o
 .debug_line    0x00001573      0x43b ./source/led_blinky.o
 .debug_line    0x000019ae       0x59 ./source/semihost_hardfault.o
 .debug_line    0x00001a07     0x11b5 ./drivers/fsl_clock.o
 .debug_line    0x00002bbc      0x412 ./drivers/fsl_gpio.o
 .debug_line    0x00002fce     0x15e1 ./drivers/fsl_lpuart.o
 .debug_line    0x000045af      0x3ef ./drivers/fsl_reset.o
 .debug_line    0x0000499e      0xa10 ./drivers/fsl_spc.o
 .debug_line    0x000053ae      0x311 ./device/system_MCXA153.o
 .debug_line    0x000056bf      0x578 ./board/clock_config.o
 .debug_line    0x00005c37      0x406 ./board/peripherals.o
 .debug_line    0x0000603d      0x434 ./board/pin_mux.o
 .debug_line    0x00006471       0xc4 C:/NXP/MCUXpressoIDE_11.10.0_3148/ide/plugins/com.nxp.mcuxpresso.tools.win32_11.10.0.202311280810/tools/bin/../lib/gcc/arm-none-eabi/13.2.1/../../../../arm-none-eabi/lib/thumb/v8-m.main/nofp\libcr_nohost_nf.a(_cr__main.o)
 .debug_line    0x00006535       0x7b C:/NXP/MCUXpressoIDE_11.10.0_3148/ide/plugins/com.nxp.mcuxpresso.tools.win32_11.10.0.202311280810/tools/bin/../lib/gcc/arm-none-eabi/13.2.1/../../../../arm-none-eabi/lib/thumb/v8-m.main/nofp\libcr_c.a(memset.o)
 .debug_line    0x000065b0      0x37d C:/NXP/MCUXpressoIDE_11.10.0_3148/ide/plugins/com.nxp.mcuxpresso.tools.win32_11.10.0.202311280810/tools/bin/../lib/gcc/arm-none-eabi/13.2.1/../../../../arm-none-eabi/lib/thumb/v8-m.main/nofp\libcr_c.a(alloc.o)
 .debug_line    0x0000692d       0x4e C:/NXP/MCUXpressoIDE_11.10.0_3148/ide/plugins/com.nxp.mcuxpresso.tools.win32_11.10.0.202311280810/tools/bin/../lib/gcc/arm-none-eabi/13.2.1/../../../../arm-none-eabi/lib/thumb/v8-m.main/nofp\libcr_c.a(errno.o)
 .debug_line    0x0000697b      0x149 C:/NXP/MCUXpressoIDE_11.10.0_3148/ide/plugins/com.nxp.mcuxpresso.tools.win32_11.10.0.202311280810/tools/bin/../lib/gcc/arm-none-eabi/13.2.1/../../../../arm-none-eabi/lib/thumb/v8-m.main/nofp\libcr_c.a(initio.o)
 .debug_line    0x00006ac4       0xec C:/NXP/MCUXpressoIDE_11.10.0_3148/ide/plugins/com.nxp.mcuxpresso.tools.win32_11.10.0.202311280810/tools/bin/../lib/gcc/arm-none-eabi/13.2.1/../../../../arm-none-eabi/lib/thumb/v8-m.main/nofp\libcr_c.a(setvbuf.o)
 .debug_line    0x00006bb0      0x109 C:/NXP/MCUXpressoIDE_11.10.0_3148/ide/plugins/com.nxp.mcuxpresso.tools.win32_11.10.0.202311280810/tools/bin/../lib/gcc/arm-none-eabi/13.2.1/../../../../arm-none-eabi/lib/thumb/v8-m.main/nofp\libcr_c.a(strlen.o)
 .debug_line    0x00006cb9      0x2e9 C:/NXP/MCUXpressoIDE_11.10.0_3148/ide/plugins/com.nxp.mcuxpresso.tools.win32_11.10.0.202311280810/tools/bin/../lib/gcc/arm-none-eabi/13.2.1/../../../../arm-none-eabi/lib/thumb/v8-m.main/nofp\libcr_c.a(_deferredlazyseek.o)
 .debug_line    0x00006fa2      0x11c C:/NXP/MCUXpressoIDE_11.10.0_3148/ide/plugins/com.nxp.mcuxpresso.tools.win32_11.10.0.202311280810/tools/bin/../lib/gcc/arm-none-eabi/13.2.1/../../../../arm-none-eabi/lib/thumb/v8-m.main/nofp\libcr_c.a(_fdopen.o)
 .debug_line    0x000070be      0x11f C:/NXP/MCUXpressoIDE_11.10.0_3148/ide/plugins/com.nxp.mcuxpresso.tools.win32_11.10.0.202311280810/tools/bin/../lib/gcc/arm-none-eabi/13.2.1/../../../../arm-none-eabi/lib/thumb/v8-m.main/nofp\libcr_c.a(_fflush.o)
 .debug_line    0x000071dd      0x12d C:/NXP/MCUXpressoIDE_11.10.0_3148/ide/plugins/com.nxp.mcuxpresso.tools.win32_11.10.0.202311280810/tools/bin/../lib/gcc/arm-none-eabi/13.2.1/../../../../arm-none-eabi/lib/thumb/v8-m.main/nofp\libcr_c.a(_writebuf.o)
 .debug_line    0x0000730a      0x10f C:/NXP/MCUXpressoIDE_11.10.0_3148/ide/plugins/com.nxp.mcuxpresso.tools.win32_11.10.0.202311280810/tools/bin/../lib/gcc/arm-none-eabi/13.2.1/../../../../arm-none-eabi/lib/thumb/v8-m.main/nofp\libcr_c.a(fclose.o)
 .debug_line    0x00007419       0xe1 C:/NXP/MCUXpressoIDE_11.10.0_3148/ide/plugins/com.nxp.mcuxpresso.tools.win32_11.10.0.202311280810/tools/bin/../lib/gcc/arm-none-eabi/13.2.1/../../../../arm-none-eabi/lib/thumb/v8-m.main/nofp\libcr_c.a(fflush.o)
 .debug_line    0x000074fa      0x232 C:/NXP/MCUXpressoIDE_11.10.0_3148/ide/plugins/com.nxp.mcuxpresso.tools.win32_11.10.0.202311280810/tools/bin/../lib/gcc/arm-none-eabi/13.2.1/../../../../arm-none-eabi/lib/thumb/v8-m.main/nofp\libcr_c.a(fseek.o)
 .debug_line    0x0000772c      0x10a C:/NXP/MCUXpressoIDE_11.10.0_3148/ide/plugins/com.nxp.mcuxpresso.tools.win32_11.10.0.202311280810/tools/bin/../lib/gcc/arm-none-eabi/13.2.1/../../../../arm-none-eabi/lib/thumb/v8-m.main/nofp\libcr_c.a(ftell.o)
 .debug_line    0x00007836       0xec C:/NXP/MCUXpressoIDE_11.10.0_3148/ide/plugins/com.nxp.mcuxpresso.tools.win32_11.10.0.202311280810/tools/bin/../lib/gcc/arm-none-eabi/13.2.1/../../../../arm-none-eabi/lib/thumb/v8-m.main/nofp\libcr_c.a(remove.o)
 .debug_line    0x00007922       0xfc C:/NXP/MCUXpressoIDE_11.10.0_3148/ide/plugins/com.nxp.mcuxpresso.tools.win32_11.10.0.202311280810/tools/bin/../lib/gcc/arm-none-eabi/13.2.1/../../../../arm-none-eabi/lib/thumb/v8-m.main/nofp\libcr_c.a(_do_fflush.o)
 .debug_line    0x00007a1e       0xea C:/NXP/MCUXpressoIDE_11.10.0_3148/ide/plugins/com.nxp.mcuxpresso.tools.win32_11.10.0.202311280810/tools/bin/../lib/gcc/arm-none-eabi/13.2.1/../../../../arm-none-eabi/lib/thumb/v8-m.main/nofp\libcr_nohost_nf.a(__ciob.o)
 .debug_line    0x00007b08       0x4e C:/NXP/MCUXpressoIDE_11.10.0_3148/ide/plugins/com.nxp.mcuxpresso.tools.win32_11.10.0.202311280810/tools/bin/../lib/gcc/arm-none-eabi/13.2.1/../../../../arm-none-eabi/lib/thumb/v8-m.main/nofp\libcr_nohost_nf.a(__sys_close.o)
 .debug_line    0x00007b56       0x4d C:/NXP/MCUXpressoIDE_11.10.0_3148/ide/plugins/com.nxp.mcuxpresso.tools.win32_11.10.0.202311280810/tools/bin/../lib/gcc/arm-none-eabi/13.2.1/../../../../arm-none-eabi/lib/thumb/v8-m.main/nofp\libcr_nohost_nf.a(__sys_flen.o)
 .debug_line    0x00007ba3       0x4e C:/NXP/MCUXpressoIDE_11.10.0_3148/ide/plugins/com.nxp.mcuxpresso.tools.win32_11.10.0.202311280810/tools/bin/../lib/gcc/arm-none-eabi/13.2.1/../../../../arm-none-eabi/lib/thumb/v8-m.main/nofp\libcr_nohost_nf.a(__sys_istty.o)
 .debug_line    0x00007bf1       0x4f C:/NXP/MCUXpressoIDE_11.10.0_3148/ide/plugins/com.nxp.mcuxpresso.tools.win32_11.10.0.202311280810/tools/bin/../lib/gcc/arm-none-eabi/13.2.1/../../../../arm-none-eabi/lib/thumb/v8-m.main/nofp\libcr_nohost_nf.a(__sys_remove.o)
 .debug_line    0x00007c40       0x4d C:/NXP/MCUXpressoIDE_11.10.0_3148/ide/plugins/com.nxp.mcuxpresso.tools.win32_11.10.0.202311280810/tools/bin/../lib/gcc/arm-none-eabi/13.2.1/../../../../arm-none-eabi/lib/thumb/v8-m.main/nofp\libcr_nohost_nf.a(__sys_seek.o)
 .debug_line    0x00007c8d       0x4f C:/NXP/MCUXpressoIDE_11.10.0_3148/ide/plugins/com.nxp.mcuxpresso.tools.win32_11.10.0.202311280810/tools/bin/../lib/gcc/arm-none-eabi/13.2.1/../../../../arm-none-eabi/lib/thumb/v8-m.main/nofp\libcr_nohost_nf.a(__sys_tmpnam.o)
 .debug_line    0x00007cdc       0x4e C:/NXP/MCUXpressoIDE_11.10.0_3148/ide/plugins/com.nxp.mcuxpresso.tools.win32_11.10.0.202311280810/tools/bin/../lib/gcc/arm-none-eabi/13.2.1/../../../../arm-none-eabi/lib/thumb/v8-m.main/nofp\libcr_nohost_nf.a(__sys_write.o)

.debug_str      0x00000000    0xad7f4
 .debug_str     0x00000000    0xad7f4 ./utilities/fsl_assert.o
                              0xa5347 (size before relaxing)
 .debug_str     0x000ad7f4    0xa6ca1 ./utilities/fsl_debug_console.o
 .debug_str     0x000ad7f4       0x63 ./utilities/fsl_memcpy.o
 .debug_str     0x000ad7f4     0x376f ./startup/startup_mcxa153.o
 .debug_str     0x000ad7f4    0xa5db4 ./source/led_blinky.o
 .debug_str     0x000ad7f4     0x2f18 ./source/semihost_hardfault.o
 .debug_str     0x000ad7f4    0xa78ee ./drivers/fsl_clock.o
 .debug_str     0x000ad7f4    0xa53e5 ./drivers/fsl_gpio.o
 .debug_str     0x000ad7f4    0xa8401 ./drivers/fsl_lpuart.o
 .debug_str     0x000ad7f4    0xa5c25 ./drivers/fsl_reset.o
 .debug_str     0x000ad7f4    0xa6302 ./drivers/fsl_spc.o
 .debug_str     0x000ad7f4    0xa3850 ./device/system_MCXA153.o
 .debug_str     0x000ad7f4    0xa6244 ./board/clock_config.o
 .debug_str     0x000ad7f4    0xa5939 ./board/peripherals.o
 .debug_str     0x000ad7f4    0xa660b ./board/pin_mux.o
 .debug_str     0x000ad7f4      0x177 C:/NXP/MCUXpressoIDE_11.10.0_3148/ide/plugins/com.nxp.mcuxpresso.tools.win32_11.10.0.202311280810/tools/bin/../lib/gcc/arm-none-eabi/13.2.1/../../../../arm-none-eabi/lib/thumb/v8-m.main/nofp\libcr_nohost_nf.a(_cr__main.o)
 .debug_str     0x000ad7f4      0x18e C:/NXP/MCUXpressoIDE_11.10.0_3148/ide/plugins/com.nxp.mcuxpresso.tools.win32_11.10.0.202311280810/tools/bin/../lib/gcc/arm-none-eabi/13.2.1/../../../../arm-none-eabi/lib/thumb/v8-m.main/nofp\libcr_c.a(memset.o)
 .debug_str     0x000ad7f4      0x241 C:/NXP/MCUXpressoIDE_11.10.0_3148/ide/plugins/com.nxp.mcuxpresso.tools.win32_11.10.0.202311280810/tools/bin/../lib/gcc/arm-none-eabi/13.2.1/../../../../arm-none-eabi/lib/thumb/v8-m.main/nofp\libcr_c.a(alloc.o)
 .debug_str     0x000ad7f4      0x122 C:/NXP/MCUXpressoIDE_11.10.0_3148/ide/plugins/com.nxp.mcuxpresso.tools.win32_11.10.0.202311280810/tools/bin/../lib/gcc/arm-none-eabi/13.2.1/../../../../arm-none-eabi/lib/thumb/v8-m.main/nofp\libcr_c.a(errno.o)
 .debug_str     0x000ad7f4      0x24b C:/NXP/MCUXpressoIDE_11.10.0_3148/ide/plugins/com.nxp.mcuxpresso.tools.win32_11.10.0.202311280810/tools/bin/../lib/gcc/arm-none-eabi/13.2.1/../../../../arm-none-eabi/lib/thumb/v8-m.main/nofp\libcr_c.a(initio.o)
 .debug_str     0x000ad7f4      0x241 C:/NXP/MCUXpressoIDE_11.10.0_3148/ide/plugins/com.nxp.mcuxpresso.tools.win32_11.10.0.202311280810/tools/bin/../lib/gcc/arm-none-eabi/13.2.1/../../../../arm-none-eabi/lib/thumb/v8-m.main/nofp\libcr_c.a(setvbuf.o)
 .debug_str     0x000ad7f4      0x188 C:/NXP/MCUXpressoIDE_11.10.0_3148/ide/plugins/com.nxp.mcuxpresso.tools.win32_11.10.0.202311280810/tools/bin/../lib/gcc/arm-none-eabi/13.2.1/../../../../arm-none-eabi/lib/thumb/v8-m.main/nofp\libcr_c.a(strlen.o)
 .debug_str     0x000ad7f4      0x285 C:/NXP/MCUXpressoIDE_11.10.0_3148/ide/plugins/com.nxp.mcuxpresso.tools.win32_11.10.0.202311280810/tools/bin/../lib/gcc/arm-none-eabi/13.2.1/../../../../arm-none-eabi/lib/thumb/v8-m.main/nofp\libcr_c.a(_deferredlazyseek.o)
 .debug_str     0x000ad7f4      0x23e C:/NXP/MCUXpressoIDE_11.10.0_3148/ide/plugins/com.nxp.mcuxpresso.tools.win32_11.10.0.202311280810/tools/bin/../lib/gcc/arm-none-eabi/13.2.1/../../../../arm-none-eabi/lib/thumb/v8-m.main/nofp\libcr_c.a(_fdopen.o)
 .debug_str     0x000ad7f4      0x220 C:/NXP/MCUXpressoIDE_11.10.0_3148/ide/plugins/com.nxp.mcuxpresso.tools.win32_11.10.0.202311280810/tools/bin/../lib/gcc/arm-none-eabi/13.2.1/../../../../arm-none-eabi/lib/thumb/v8-m.main/nofp\libcr_c.a(_fflush.o)
 .debug_str     0x000ad7f4      0x251 C:/NXP/MCUXpressoIDE_11.10.0_3148/ide/plugins/com.nxp.mcuxpresso.tools.win32_11.10.0.202311280810/tools/bin/../lib/gcc/arm-none-eabi/13.2.1/../../../../arm-none-eabi/lib/thumb/v8-m.main/nofp\libcr_c.a(_writebuf.o)
 .debug_str     0x000ad7f4      0x255 C:/NXP/MCUXpressoIDE_11.10.0_3148/ide/plugins/com.nxp.mcuxpresso.tools.win32_11.10.0.202311280810/tools/bin/../lib/gcc/arm-none-eabi/13.2.1/../../../../arm-none-eabi/lib/thumb/v8-m.main/nofp\libcr_c.a(fclose.o)
 .debug_str     0x000ad7f4      0x243 C:/NXP/MCUXpressoIDE_11.10.0_3148/ide/plugins/com.nxp.mcuxpresso.tools.win32_11.10.0.202311280810/tools/bin/../lib/gcc/arm-none-eabi/13.2.1/../../../../arm-none-eabi/lib/thumb/v8-m.main/nofp\libcr_c.a(fflush.o)
 .debug_str     0x000ad7f4      0x245 C:/NXP/MCUXpressoIDE_11.10.0_3148/ide/plugins/com.nxp.mcuxpresso.tools.win32_11.10.0.202311280810/tools/bin/../lib/gcc/arm-none-eabi/13.2.1/../../../../arm-none-eabi/lib/thumb/v8-m.main/nofp\libcr_c.a(fseek.o)
 .debug_str     0x000ad7f4      0x222 C:/NXP/MCUXpressoIDE_11.10.0_3148/ide/plugins/com.nxp.mcuxpresso.tools.win32_11.10.0.202311280810/tools/bin/../lib/gcc/arm-none-eabi/13.2.1/../../../../arm-none-eabi/lib/thumb/v8-m.main/nofp\libcr_c.a(ftell.o)
 .debug_str     0x000ad7f4      0x1e1 C:/NXP/MCUXpressoIDE_11.10.0_3148/ide/plugins/com.nxp.mcuxpresso.tools.win32_11.10.0.202311280810/tools/bin/../lib/gcc/arm-none-eabi/13.2.1/../../../../arm-none-eabi/lib/thumb/v8-m.main/nofp\libcr_c.a(remove.o)
 .debug_str     0x000ad7f4      0x236 C:/NXP/MCUXpressoIDE_11.10.0_3148/ide/plugins/com.nxp.mcuxpresso.tools.win32_11.10.0.202311280810/tools/bin/../lib/gcc/arm-none-eabi/13.2.1/../../../../arm-none-eabi/lib/thumb/v8-m.main/nofp\libcr_c.a(_do_fflush.o)
 .debug_str     0x000ad7f4      0x20f C:/NXP/MCUXpressoIDE_11.10.0_3148/ide/plugins/com.nxp.mcuxpresso.tools.win32_11.10.0.202311280810/tools/bin/../lib/gcc/arm-none-eabi/13.2.1/../../../../arm-none-eabi/lib/thumb/v8-m.main/nofp\libcr_nohost_nf.a(__ciob.o)
 .debug_str     0x000ad7f4      0x168 C:/NXP/MCUXpressoIDE_11.10.0_3148/ide/plugins/com.nxp.mcuxpresso.tools.win32_11.10.0.202311280810/tools/bin/../lib/gcc/arm-none-eabi/13.2.1/../../../../arm-none-eabi/lib/thumb/v8-m.main/nofp\libcr_nohost_nf.a(__sys_close.o)
 .debug_str     0x000ad7f4      0x161 C:/NXP/MCUXpressoIDE_11.10.0_3148/ide/plugins/com.nxp.mcuxpresso.tools.win32_11.10.0.202311280810/tools/bin/../lib/gcc/arm-none-eabi/13.2.1/../../../../arm-none-eabi/lib/thumb/v8-m.main/nofp\libcr_nohost_nf.a(__sys_flen.o)
 .debug_str     0x000ad7f4      0x163 C:/NXP/MCUXpressoIDE_11.10.0_3148/ide/plugins/com.nxp.mcuxpresso.tools.win32_11.10.0.202311280810/tools/bin/../lib/gcc/arm-none-eabi/13.2.1/../../../../arm-none-eabi/lib/thumb/v8-m.main/nofp\libcr_nohost_nf.a(__sys_istty.o)
 .debug_str     0x000ad7f4      0x16e C:/NXP/MCUXpressoIDE_11.10.0_3148/ide/plugins/com.nxp.mcuxpresso.tools.win32_11.10.0.202311280810/tools/bin/../lib/gcc/arm-none-eabi/13.2.1/../../../../arm-none-eabi/lib/thumb/v8-m.main/nofp\libcr_nohost_nf.a(__sys_remove.o)